Archive member included to satisfy reference by file (symbol)

c:/altera/15.0/nios2eds/bin/gnu/h-x86_64-mingw32/bin/../lib/gcc/nios2-elf/4.9.1\libgcc.a(tramp.o)
                              obj/default/MainEntry.o (__trampoline_setup)
c:/altera/15.0/nios2eds/bin/gnu/h-x86_64-mingw32/bin/../lib/gcc/nios2-elf/4.9.1\libgcc.a(adddf3.o)
                              obj/default/Bounds.o (__adddf3)
c:/altera/15.0/nios2eds/bin/gnu/h-x86_64-mingw32/bin/../lib/gcc/nios2-elf/4.9.1\libgcc.a(divdf3.o)
                              obj/default/Bounds.o (__divdf3)
c:/altera/15.0/nios2eds/bin/gnu/h-x86_64-mingw32/bin/../lib/gcc/nios2-elf/4.9.1\libgcc.a(gedf2.o)
                              obj/default/Bounds.o (__gtdf2)
c:/altera/15.0/nios2eds/bin/gnu/h-x86_64-mingw32/bin/../lib/gcc/nios2-elf/4.9.1\libgcc.a(ledf2.o)
                              obj/default/Bounds.o (__ltdf2)
c:/altera/15.0/nios2eds/bin/gnu/h-x86_64-mingw32/bin/../lib/gcc/nios2-elf/4.9.1\libgcc.a(muldf3.o)
                              obj/default/Bounds.o (__muldf3)
c:/altera/15.0/nios2eds/bin/gnu/h-x86_64-mingw32/bin/../lib/gcc/nios2-elf/4.9.1\libgcc.a(subdf3.o)
                              obj/default/Bounds.o (__subdf3)
c:/altera/15.0/nios2eds/bin/gnu/h-x86_64-mingw32/bin/../lib/gcc/nios2-elf/4.9.1\libgcc.a(fixdfsi.o)
                              obj/default/Bounds.o (__fixdfsi)
c:/altera/15.0/nios2eds/bin/gnu/h-x86_64-mingw32/bin/../lib/gcc/nios2-elf/4.9.1\libgcc.a(floatsidf.o)
                              obj/default/Bounds.o (__floatsidf)
c:/altera/15.0/nios2eds/bin/gnu/h-x86_64-mingw32/bin/../lib/gcc/nios2-elf/4.9.1\libgcc.a(_clzsi2.o)
                              c:/altera/15.0/nios2eds/bin/gnu/h-x86_64-mingw32/bin/../lib/gcc/nios2-elf/4.9.1\libgcc.a(adddf3.o) (__clzsi2)
c:/altera/15.0/nios2eds/bin/gnu/h-x86_64-mingw32/bin/../lib/gcc/nios2-elf/4.9.1\libgcc.a(lib2-divmod.o)
                              c:/altera/15.0/nios2eds/bin/gnu/h-x86_64-mingw32/bin/../lib/gcc/nios2-elf/4.9.1\libgcc.a(divdf3.o) (__udivsi3)
c:/altera/15.0/nios2eds/bin/gnu/h-x86_64-mingw32/bin/../lib/gcc/nios2-elf/4.9.1\libgcc.a(_clz.o)
                              c:/altera/15.0/nios2eds/bin/gnu/h-x86_64-mingw32/bin/../lib/gcc/nios2-elf/4.9.1\libgcc.a(_clzsi2.o) (__clz_tab)
c:/altera/15.0/nios2eds/bin/gnu/h-x86_64-mingw32/bin/../lib/gcc/nios2-elf/4.9.1/../../../../../H-x86_64-mingw32/nios2-elf/lib\libc.a(lib_a-assert.o)
                              obj/default/Bounds.o (__assert_func)
c:/altera/15.0/nios2eds/bin/gnu/h-x86_64-mingw32/bin/../lib/gcc/nios2-elf/4.9.1/../../../../../H-x86_64-mingw32/nios2-elf/lib\libc.a(lib_a-calloc.o)
                              obj/default/Object.o (calloc)
c:/altera/15.0/nios2eds/bin/gnu/h-x86_64-mingw32/bin/../lib/gcc/nios2-elf/4.9.1/../../../../../H-x86_64-mingw32/nios2-elf/lib\libc.a(lib_a-callocr.o)
                              c:/altera/15.0/nios2eds/bin/gnu/h-x86_64-mingw32/bin/../lib/gcc/nios2-elf/4.9.1/../../../../../H-x86_64-mingw32/nios2-elf/lib\libc.a(lib_a-calloc.o) (_calloc_r)
c:/altera/15.0/nios2eds/bin/gnu/h-x86_64-mingw32/bin/../lib/gcc/nios2-elf/4.9.1/../../../../../H-x86_64-mingw32/nios2-elf/lib\libc.a(lib_a-fiprintf.o)
                              c:/altera/15.0/nios2eds/bin/gnu/h-x86_64-mingw32/bin/../lib/gcc/nios2-elf/4.9.1/../../../../../H-x86_64-mingw32/nios2-elf/lib\libc.a(lib_a-assert.o) (fiprintf)
c:/altera/15.0/nios2eds/bin/gnu/h-x86_64-mingw32/bin/../lib/gcc/nios2-elf/4.9.1/../../../../../H-x86_64-mingw32/nios2-elf/lib\libc.a(lib_a-fprintf.o)
                              obj/default/Object.o (fprintf)
c:/altera/15.0/nios2eds/bin/gnu/h-x86_64-mingw32/bin/../lib/gcc/nios2-elf/4.9.1/../../../../../H-x86_64-mingw32/nios2-elf/lib\libc.a(lib_a-impure.o)
                              obj/default/Object.o (_impure_ptr)
c:/altera/15.0/nios2eds/bin/gnu/h-x86_64-mingw32/bin/../lib/gcc/nios2-elf/4.9.1/../../../../../H-x86_64-mingw32/nios2-elf/lib\libc.a(lib_a-malloc.o)
                              obj/default/Bounds.o (malloc)
c:/altera/15.0/nios2eds/bin/gnu/h-x86_64-mingw32/bin/../lib/gcc/nios2-elf/4.9.1/../../../../../H-x86_64-mingw32/nios2-elf/lib\libc.a(lib_a-mallocr.o)
                              c:/altera/15.0/nios2eds/bin/gnu/h-x86_64-mingw32/bin/../lib/gcc/nios2-elf/4.9.1/../../../../../H-x86_64-mingw32/nios2-elf/lib\libc.a(lib_a-callocr.o) (_malloc_r)
c:/altera/15.0/nios2eds/bin/gnu/h-x86_64-mingw32/bin/../lib/gcc/nios2-elf/4.9.1/../../../../../H-x86_64-mingw32/nios2-elf/lib\libc.a(lib_a-memcpy.o)
                              obj/default/Object.o (memcpy)
c:/altera/15.0/nios2eds/bin/gnu/h-x86_64-mingw32/bin/../lib/gcc/nios2-elf/4.9.1/../../../../../H-x86_64-mingw32/nios2-elf/lib\libc.a(lib_a-memset.o)
                              c:/altera/15.0/nios2eds/bin/gnu/h-x86_64-mingw32/bin/../lib/gcc/nios2-elf/4.9.1/../../../../../H-x86_64-mingw32/nios2-elf/lib\libc.a(lib_a-callocr.o) (memset)
[...]
Memory Configuration

Name             Origin             Length             Attributes
reset            0x0000000008000000 0x0000000000000020
sdram            0x0000000008000020 0x0000000003ffffe0
*default*        0x0000000000000000 0xffffffffffffffff

Linker script and memory map

LOAD ../graphics_bsp//obj/HAL/src/crt0.o
LOAD obj/default/Bounds.o
LOAD obj/default/Button.o
LOAD obj/default/DE1_SOC_graphics.o
LOAD obj/default/DE1_SOC_touchscreen.o
LOAD obj/default/DrawOperations.o
LOAD obj/default/Event.o
LOAD obj/default/EventHandler.o
LOAD obj/default/ListView.o
LOAD obj/default/MainEntry.o
LOAD obj/default/Object.o
LOAD obj/default/ProgressBar.o
LOAD obj/default/Renderer.o
LOAD obj/default/ScreenView.o
LOAD obj/default/Shapes.o
LOAD obj/default/TestLib.o
LOAD obj/default/TouchEventHandler.o
LOAD obj/default/View.o
LOAD c:/altera/15.0/nios2eds/bin/gnu/h-x86_64-mingw32/bin/../lib/gcc/nios2-elf/4.9.1/../../../../../H-x86_64-mingw32/nios2-elf/lib\libstdc++.a
LOAD c:/altera/15.0/nios2eds/bin/gnu/h-x86_64-mingw32/bin/../lib/gcc/nios2-elf/4.9.1/../../../../../H-x86_64-mingw32/nios2-elf/lib\libm.a
LOAD c:/altera/15.0/nios2eds/bin/gnu/h-x86_64-mingw32/bin/../lib/gcc/nios2-elf/4.9.1\libgcc.a
START GROUP
LOAD c:/altera/15.0/nios2eds/bin/gnu/h-x86_64-mingw32/bin/../lib/gcc/nios2-elf/4.9.1/../../../../../H-x86_64-mingw32/nios2-elf/lib\libc.a
LOAD c:/altera/15.0/nios2eds/bin/gnu/h-x86_64-mingw32/bin/../lib/gcc/nios2-elf/4.9.1\libgcc.a
LOAD ../graphics_bsp/\libhal_bsp.a
LOAD c:/altera/15.0/nios2eds/bin/gnu/h-x86_64-mingw32/bin/../lib/gcc/nios2-elf/4.9.1/../../../../../H-x86_64-mingw32/nios2-elf/lib\libm.a
END GROUP
LOAD c:/altera/15.0/nios2eds/bin/gnu/h-x86_64-mingw32/bin/../lib/gcc/nios2-elf/4.9.1\libgcc.a
                0x0000000008000000                __alt_mem_sdram = 0x8000000

.entry          0x0000000008000000       0x20
 *(.entry)
 .entry         0x0000000008000000       0x20 ../graphics_bsp//obj/HAL/src/crt0.o
                0x0000000008000000                __reset

.exceptions     0x0000000008000020      0x19c
                0x0000000008000020                PROVIDE (__ram_exceptions_start, ABSOLUTE (.))
                0x0000000008000020                . = ALIGN (0x20)
 *(.irq)
 *(.exceptions.entry.label)
 .exceptions.entry.label
                0x0000000008000020        0x0 ../graphics_bsp/\libhal_bsp.a(alt_irq_entry.o)
                0x0000000008000020                alt_irq_entry
 .exceptions.entry.label
                0x0000000008000020        0x0 ../graphics_bsp/\libhal_bsp.a(alt_exception_entry.o)
                0x0000000008000020                alt_exception
 *(.exceptions.entry.user)
 *(.exceptions.entry.ecc_fatal)
 *(.exceptions.entry)
 .exceptions.entry
                0x0000000008000020       0x54 ../graphics_bsp/\libhal_bsp.a(alt_exception_entry.o)
 *(.exceptions.irqtest.user)
 *(.exceptions.irqtest)
 .exceptions.irqtest
                0x0000000008000074       0x10 ../graphics_bsp/\libhal_bsp.a(alt_irq_entry.o)
 *(.exceptions.irqhandler.user)
 *(.exceptions.irqhandler)
 .exceptions.irqhandler
                0x0000000008000084        0x4 ../graphics_bsp/\libhal_bsp.a(alt_irq_entry.o)
 *(.exceptions.irqreturn.user)
 *(.exceptions.irqreturn)
 .exceptions.irqreturn
                0x0000000008000088        0x4 ../graphics_bsp/\libhal_bsp.a(alt_irq_entry.o)
 *(.exceptions.notirq.label)
 .exceptions.notirq.label
                0x000000000800008c        0x0 ../graphics_bsp/\libhal_bsp.a(alt_irq_entry.o)
 *(.exceptions.notirq.user)
 *(.exceptions.notirq)
 .exceptions.notirq
                0x000000000800008c        0x8 ../graphics_bsp/\libhal_bsp.a(alt_exception_entry.o)
 *(.exceptions.soft.user)
 *(.exceptions.soft)
 *(.exceptions.unknown.user)
 *(.exceptions.unknown)
 .exceptions.unknown
                0x0000000008000094        0x4 ../graphics_bsp/\libhal_bsp.a(alt_exception_entry.o)
 *(.exceptions.exit.label)
 .exceptions.exit.label
                0x0000000008000098        0x0 ../graphics_bsp/\libhal_bsp.a(alt_irq_entry.o)
 .exceptions.exit.label
                0x0000000008000098        0x0 ../graphics_bsp/\libhal_bsp.a(alt_exception_entry.o)
 *(.exceptions.exit.user)
 *(.exceptions.exit)
 .exceptions.exit
                0x0000000008000098       0x54 ../graphics_bsp/\libhal_bsp.a(alt_exception_entry.o)
 *(.exceptions)
 .exceptions    0x00000000080000ec       0xd0 ../graphics_bsp/\libhal_bsp.a(alt_irq_handler.o)
                0x00000000080000ec                alt_irq_handler
                0x00000000080001bc                PROVIDE (__ram_exceptions_end, ABSOLUTE (.))
                0x0000000008000020                PROVIDE (__flash_exceptions_start, LOADADDR (.exceptions))

.text           0x00000000080001bc    0x14c24
                0x00000000080001bc                PROVIDE (stext, ABSOLUTE (.))
 *(.interp)
 *(.hash)
 *(.dynsym)
 *(.dynstr)
 *(.gnu.version)
 *(.gnu.version_d)
 *(.gnu.version_r)
 *(.rel.init)
 *(.rela.init)
 *(.rel.text .rel.text.* .rel.gnu.linkonce.t.*)
 *(.rela.text .rela.text.* .rela.gnu.linkonce.t.*)
 *(.rel.fini)
 *(.rela.fini)
 *(.rel.rodata .rel.rodata.* .rel.gnu.linkonce.r.*)
 *(.rela.rodata .rela.rodata.* .rela.gnu.linkonce.r.*)
 *(.rel.data .rel.data.* .rel.gnu.linkonce.d.*)
 *(.rela.data .rela.data.* .rela.gnu.linkonce.d.*)
 *(.rel.tdata .rel.tdata.* .rel.gnu.linkonce.td.*)
 *(.rela.tdata .rela.tdata.* .rela.gnu.linkonce.td.*)
 *(.rel.tbss .rel.tbss.* .rel.gnu.linkonce.tb.*)
 *(.rela.tbss .rela.tbss.* .rela.gnu.linkonce.tb.*)
 *(.rel.ctors)
 *(.rela.ctors)
 *(.rel.dtors)
 *(.rela.dtors)
 *(.rel.got)
 *(.rela.got)
 *(.rel.sdata .rel.sdata.* .rel.gnu.linkonce.s.*)
 *(.rela.sdata .rela.sdata.* .rela.gnu.linkonce.s.*)
 *(.rel.sbss .rel.sbss.* .rel.gnu.linkonce.sb.*)
 *(.rela.sbss .rela.sbss.* .rela.gnu.linkonce.sb.*)
 *(.rel.sdata2 .rel.sdata2.* .rel.gnu.linkonce.s2.*)
 *(.rela.sdata2 .rela.sdata2.* .rela.gnu.linkonce.s2.*)
 *(.rel.sbss2 .rel.sbss2.* .rel.gnu.linkonce.sb2.*)
 *(.rela.sbss2 .rela.sbss2.* .rela.gnu.linkonce.sb2.*)
 *(.rel.bss .rel.bss.* .rel.gnu.linkonce.b.*)
 *(.rela.bss .rela.bss.* .rela.gnu.linkonce.b.*)
 *(.rel.plt)
 *(.rela.plt)
 *(.rel.dyn)
 *(.init)
 *(.plt)
 *(.text .stub .text.* .gnu.linkonce.t.*)
 .text          0x00000000080001bc       0x3c ../graphics_bsp//obj/HAL/src/crt0.o
                0x00000000080001bc                _start
 .text          0x00000000080001f8      0xcd0 obj/default/Bounds.o
                0x00000000080001f8                containsPoint
                0x0000000008000254                containsY
                0x00000000080002a4                containsX
                0x00000000080002f4                doIntersect
                0x0000000008000374                merge
                0x0000000008000500                intersect
                0x000000000800069c                computeOutCode
                0x00000000080007f0                cohen_sutherland
 .text          0x0000000008000ec8      0x2b0 obj/default/Button.o
                0x0000000008000ec8                onButtonDown
                0x0000000008000f2c                onButtonUp
                0x00000000080010e4                initButton
 .text          0x0000000008001178      0x3bc obj/default/DE1_SOC_graphics.o
                0x0000000008001178                DE1_writePixel
                0x00000000080011f4                DE1_writeHLine
                0x00000000080012f4                DE1_writeVLine
                0x00000000080013f4                DE1_writeLine
                0x0000000008001494                DE1_writeRect
 .text          0x0000000008001534      0x3dc obj/default/DE1_SOC_touchscreen.o
                0x0000000008001534                putcharTouch
                0x0000000008001584                getcharTouch
                0x00000000080015cc                DE1_touchInit
                0x0000000008001624                DE1_isScreenTouched
                0x0000000008001654                DE1_getLastTouchLocation
 .text          0x0000000008001910      0xaa0 obj/default/DrawOperations.o
                0x0000000008001910                setClippingBounds
                0x0000000008001938                writeAPixel
                0x0000000008001990                readAPixel
                0x00000000080019b8                programPalette
                0x00000000080019dc                writeHline
                0x0000000008001aac                writeVline
                0x0000000008001b7c                writeLine
                0x0000000008001c80                writeRect
                0x0000000008001dac                writeFilledRect
                0x0000000008001ea8                clear
                0x0000000008001ee4                writeFilledRectWithBorder
                0x0000000008001fb0                writeCircle
                0x00000000080021e0                writeFilledCircle
 .text          0x00000000080023b0      0x174 obj/default/Event.o
                0x0000000008002460                initEvent
 .text          0x0000000008002524      0x22c obj/default/EventHandler.o
                0x0000000008002524                addEvent
                0x00000000080025b8                consumeEvents
                0x0000000008002638                propagateChildren
                0x000000000800270c                propagateEvent
 .text          0x0000000008002750      0x28c obj/default/ListView.o
                0x0000000008002750                onListMove
                0x0000000008002930                initListView
 .text          0x00000000080029dc      0x430 obj/default/MainEntry.o
                0x00000000080029dc                init
                0x0000000008002b14                main
 .text          0x0000000008002e0c      0x7a4 obj/default/Object.o
                0x0000000008002e8c                classOf
                0x0000000008002ef4                sizeOf
                0x000000000800315c                super
                0x00000000080031c4                new
                0x0000000008003298                delete
                0x00000000080032d8                ctor
                0x000000000800334c                super_ctor
                0x00000000080033d0                dtor
                0x000000000800343c                super_dtor
                0x00000000080034b8                differ
                0x000000000800352c                super_differ
 .text          0x00000000080035b0      0x3dc obj/default/ProgressBar.o
                0x00000000080035b0                onProgressBarDown
                0x00000000080036ac                onProgressBarMove
                0x00000000080038f8                initProgressBar
 .text          0x000000000800398c      0x33c obj/default/Renderer.o
                0x000000000800398c                setRoot
                0x00000000080039fc                renderChildren
                0x0000000008003ad8                render
                0x0000000008003b58                partialRender
                0x0000000008003bf4                invalidate
 .text          0x0000000008003cc8      0x1c0 obj/default/ScreenView.o
                0x0000000008003df4                initScreenView
 .text          0x0000000008003e88      0x1ec obj/default/Shapes.o
                0x0000000008003f78                setRectColour
                0x0000000008003fe0                initShapes
 .text          0x0000000008004074      0x394 obj/default/TestLib.o
                0x0000000008004074                testAll
                0x000000000800409c                testBounds
 .text          0x0000000008004408      0x780 obj/default/TouchEventHandler.o
                0x0000000008004408                removeRestOfPath
                0x00000000080044a8                handleDown
                0x000000000800453c                handleMove
                0x0000000008004668                handleUp
                0x00000000080047a4                handleTouch
                0x0000000008004844                propagateTouchEvent
                0x0000000008004a38                generateTouchListChildren
                0x0000000008004b3c                generateTouchList
 .text          0x0000000008004b88      0xa44 obj/default/View.o
                0x0000000008004c8c                draw
                0x0000000008004cd8                super_draw
                0x0000000008004df4                measure
                0x0000000008004e40                super_measure
                0x0000000008004e90                setX
                0x0000000008004f5c                setY
                0x0000000008005028                setWidth
                0x00000000080050f4                setHeight
                0x00000000080051c0                setVisible
                0x000000000800522c                attachView
                0x0000000008005300                addEventListener
                0x00000000080053ac                setRenderer
                0x00000000080054d8                initView
 .text          0x00000000080055cc       0x8c c:/altera/15.0/nios2eds/bin/gnu/h-x86_64-mingw32/bin/../lib/gcc/nios2-elf/4.9.1\libgcc.a(tramp.o)
                0x00000000080055cc                __trampoline_setup
 .text          0x0000000008005658      0x89c c:/altera/15.0/nios2eds/bin/gnu/h-x86_64-mingw32/bin/../lib/gcc/nios2-elf/4.9.1\libgcc.a(adddf3.o)
                0x0000000008005658                __adddf3
 .text          0x0000000008005ef4      0x8cc c:/altera/15.0/nios2eds/bin/gnu/h-x86_64-mingw32/bin/../lib/gcc/nios2-elf/4.9.1\libgcc.a(divdf3.o)
                0x0000000008005ef4                __divdf3
 .text          0x00000000080067c0       0xe0 c:/altera/15.0/nios2eds/bin/gnu/h-x86_64-mingw32/bin/../lib/gcc/nios2-elf/4.9.1\libgcc.a(gedf2.o)
                0x00000000080067c0                __gedf2
                0x00000000080067c0                __gtdf2
 .text          0x00000000080068a0       0xe0 c:/altera/15.0/nios2eds/bin/gnu/h-x86_64-mingw32/bin/../lib/gcc/nios2-elf/4.9.1\libgcc.a(ledf2.o)
                0x00000000080068a0                __ledf2
                0x00000000080068a0                __ltdf2
 .text          0x0000000008006980      0x724 c:/altera/15.0/nios2eds/bin/gnu/h-x86_64-mingw32/bin/../lib/gcc/nios2-elf/4.9.1\libgcc.a(muldf3.o)
                0x0000000008006980                __muldf3
 .text          0x00000000080070a4      0x8d0 c:/altera/15.0/nios2eds/bin/gnu/h-x86_64-mingw32/bin/../lib/gcc/nios2-elf/4.9.1\libgcc.a(subdf3.o)
                0x00000000080070a4                __subdf3
 .text          0x0000000008007974       0x88 c:/altera/15.0/nios2eds/bin/gnu/h-x86_64-mingw32/bin/../lib/gcc/nios2-elf/4.9.1\libgcc.a(fixdfsi.o)
                0x0000000008007974                __fixdfsi
 .text          0x00000000080079fc       0xd0 c:/altera/15.0/nios2eds/bin/gnu/h-x86_64-mingw32/bin/../lib/gcc/nios2-elf/4.9.1\libgcc.a(floatsidf.o)
                0x00000000080079fc                __floatsidf
 .text          0x0000000008007acc       0x64 c:/altera/15.0/nios2eds/bin/gnu/h-x86_64-mingw32/bin/../lib/gcc/nios2-elf/4.9.1\libgcc.a(_clzsi2.o)
                0x0000000008007acc                __clzsi2
 .text          0x0000000008007b30      0x12c c:/altera/15.0/nios2eds/bin/gnu/h-x86_64-mingw32/bin/../lib/gcc/nios2-elf/4.9.1\libgcc.a(lib2-divmod.o)
                0x0000000008007b9c                __divsi3
                0x0000000008007bf0                __modsi3
                0x0000000008007c4c                __udivsi3
                0x0000000008007c54                __umodsi3
 .text          0x0000000008007c5c        0x0 c:/altera/15.0/nios2eds/bin/gnu/h-x86_64-mingw32/bin/../lib/gcc/nios2-elf/4.9.1\libgcc.a(_clz.o)
 .text          0x0000000008007c5c       0x78 c:/altera/15.0/nios2eds/bin/gnu/h-x86_64-mingw32/bin/../lib/gcc/nios2-elf/4.9.1/../../../../../H-x86_64-mingw32/nios2-elf/lib\libc.a(lib_a-assert.o)
                0x0000000008007c5c                __assert_func
                0x0000000008007cc0                __assert
 .text          0x0000000008007cd4       0x1c c:/altera/15.0/nios2eds/bin/gnu/h-x86_64-mingw32/bin/../lib/gcc/nios2-elf/4.9.1/../../../../../H-x86_64-mingw32/nios2-elf/lib\libc.a(lib_a-calloc.o)
                0x0000000008007cd4                calloc
 .text          0x0000000008007cf0       0xc4 c:/altera/15.0/nios2eds/bin/gnu/h-x86_64-mingw32/bin/../lib/gcc/nios2-elf/4.9.1/../../../../../H-x86_64-mingw32/nios2-elf/lib\libc.a(lib_a-callocr.o)
                0x0000000008007cf0                _calloc_r
 .text          0x0000000008007db4       0x5c c:/altera/15.0/nios2eds/bin/gnu/h-x86_64-mingw32/bin/../lib/gcc/nios2-elf/4.9.1/../../../../../H-x86_64-mingw32/nios2-elf/lib\libc.a(lib_a-fiprintf.o)
                0x0000000008007db4                _fiprintf_r
                0x0000000008007dd4                fiprintf
 .text          0x0000000008007e10       0x4c c:/altera/15.0/nios2eds/bin/gnu/h-x86_64-mingw32/bin/../lib/gcc/nios2-elf/4.9.1/../../../../../H-x86_64-mingw32/nios2-elf/lib\libc.a(lib_a-fprintf.o)
                0x0000000008007e10                _fprintf_r
                0x0000000008007e38                fprintf
 .text          0x0000000008007e5c        0x0 c:/altera/15.0/nios2eds/bin/gnu/h-x86_64-mingw32/bin/../lib/gcc/nios2-elf/4.9.1/../../../../../H-x86_64-mingw32/nios2-elf/lib\libc.a(lib_a-impure.o)
 .text          0x0000000008007e5c       0x28 c:/altera/15.0/nios2eds/bin/gnu/h-x86_64-mingw32/bin/../lib/gcc/nios2-elf/4.9.1/../../../../../H-x86_64-mingw32/nios2-elf/lib\libc.a(lib_a-malloc.o)
                0x0000000008007e5c                malloc
                0x0000000008007e70                free
 .text          0x0000000008007e84      0x7a8 c:/altera/15.0/nios2eds/bin/gnu/h-x86_64-mingw32/bin/../lib/gcc/nios2-elf/4.9.1/../../../../../H-x86_64-mingw32/nios2-elf/lib\libc.a(lib_a-mallocr.o)
                0x0000000008007e84                _malloc_r
 .text          0x000000000800862c      0x138 c:/altera/15.0/nios2eds/bin/gnu/h-x86_64-mingw32/bin/../lib/gcc/nios2-elf/4.9.1/../../../../../H-x86_64-mingw32/nios2-elf/lib\libc.a(lib_a-memcpy.o)
                0x000000000800862c                memcpy
 .text          0x0000000008008764      0x124 c:/altera/15.0/nios2eds/bin/gnu/h-x86_64-mingw32/bin/../lib/gcc/nios2-elf/4.9.1/../../../../../H-x86_64-mingw32/nios2-elf/lib\libc.a(lib_a-memset.o)
                0x0000000008008764                memset
 .text          0x0000000008008888       0x68 c:/altera/15.0/nios2eds/bin/gnu/h-x86_64-mingw32/bin/../lib/gcc/nios2-elf/4.9.1/../../../../../H-x86_64-mingw32/nios2-elf/lib\libc.a(lib_a-printf.o)
                0x0000000008008888                _printf_r
                0x00000000080088b4                printf
 .text          0x00000000080088f0       0xcc c:/altera/15.0/nios2eds/bin/gnu/h-x86_64-mingw32/bin/../lib/gcc/nios2-elf/4.9.1/../../../../../H-x86_64-mingw32/nios2-elf/lib\libc.a(lib_a-puts.o)
                0x00000000080088f0                _puts_r
                0x00000000080089a8                puts
 .text          0x00000000080089bc       0x54 c:/altera/15.0/nios2eds/bin/gnu/h-x86_64-mingw32/bin/../lib/gcc/nios2-elf/4.9.1/../../../../../H-x86_64-mingw32/nios2-elf/lib\libc.a(lib_a-sbrkr.o)
                0x00000000080089bc                _sbrk_r
 .text          0x0000000008008a10       0x98 c:/altera/15.0/nios2eds/bin/gnu/h-x86_64-mingw32/bin/../lib/gcc/nios2-elf/4.9.1/../../../../../H-x86_64-mingw32/nios2-elf/lib\libc.a(lib_a-strlen.o)
                0x0000000008008a10                strlen
 .text          0x0000000008008aa8       0x1c c:/altera/15.0/nios2eds/bin/gnu/h-x86_64-mingw32/bin/../lib/gcc/nios2-elf/4.9.1/../../../../../H-x86_64-mingw32/nios2-elf/lib\libc.a(lib_a-vfiprintfr_1.o)
                0x0000000008008aa8                _vfiprintf_r
 .text          0x0000000008008ac4     0x2020 c:/altera/15.0/nios2eds/bin/gnu/h-x86_64-mingw32/bin/../lib/gcc/nios2-elf/4.9.1/../../../../../H-x86_64-mingw32/nios2-elf/lib\libc.a(lib_a-vfprintf.o)
                0x0000000008008ac4                ___vfprintf_internal_r
                0x000000000800aac0                __vfprintf_internal
 .text          0x000000000800aae4      0x130 c:/altera/15.0/nios2eds/bin/gnu/h-x86_64-mingw32/bin/../lib/gcc/nios2-elf/4.9.1/../../../../../H-x86_64-mingw32/nios2-elf/lib\libc.a(lib_a-wsetup.o)
                0x000000000800aae4                __swsetup_r
 .text          0x000000000800ac14       0x18 c:/altera/15.0/nios2eds/bin/gnu/h-x86_64-mingw32/bin/../lib/gcc/nios2-elf/4.9.1/../../../../../H-x86_64-mingw32/nios2-elf/lib\libc.a(lib_a-abort.o)
                0x000000000800ac14                abort
 .text          0x000000000800ac2c     0x1928 c:/altera/15.0/nios2eds/bin/gnu/h-x86_64-mingw32/bin/../lib/gcc/nios2-elf/4.9.1/../../../../../H-x86_64-mingw32/nios2-elf/lib\libc.a(lib_a-dtoa.o)
                0x000000000800ae2c                _dtoa_r
 .text          0x000000000800c554      0x258 c:/altera/15.0/nios2eds/bin/gnu/h-x86_64-mingw32/bin/../lib/gcc/nios2-elf/4.9.1/../../../../../H-x86_64-mingw32/nios2-elf/lib\libc.a(lib_a-fflush.o)
                0x000000000800c554                _fflush_r
                0x000000000800c77c                fflush
 .text          0x000000000800c7ac      0x3a0 c:/altera/15.0/nios2eds/bin/gnu/h-x86_64-mingw32/bin/../lib/gcc/nios2-elf/4.9.1/../../../../../H-x86_64-mingw32/nios2-elf/lib\libc.a(lib_a-findfp.o)
                0x000000000800c7bc                _cleanup_r
                0x000000000800c968                __sfmoreglue
                0x000000000800c9cc                __sfp
                0x000000000800cae4                _cleanup
                0x000000000800cafc                __sinit
                0x000000000800cb0c                __sfp_lock_acquire
                0x000000000800cb10                __sfp_lock_release
                0x000000000800cb14                __sinit_lock_acquire
                0x000000000800cb18                __sinit_lock_release
                0x000000000800cb1c                __fp_lock_all
                0x000000000800cb34                __fp_unlock_all
 .text          0x000000000800cb4c      0x414 c:/altera/15.0/nios2eds/bin/gnu/h-x86_64-mingw32/bin/../lib/gcc/nios2-elf/4.9.1/../../../../../H-x86_64-mingw32/nios2-elf/lib\libc.a(lib_a-freer.o)
                0x000000000800cb4c                _malloc_trim_r
                0x000000000800cc70                _free_r
 .text          0x000000000800cf60      0x4a4 c:/altera/15.0/nios2eds/bin/gnu/h-x86_64-mingw32/bin/../lib/gcc/nios2-elf/4.9.1/../../../../../H-x86_64-mingw32/nios2-elf/lib\libc.a(lib_a-fvwrite.o)
                0x000000000800cf60                __sfvwrite_r
 .text          0x000000000800d404      0x170 c:/altera/15.0/nios2eds/bin/gnu/h-x86_64-mingw32/bin/../lib/gcc/nios2-elf/4.9.1/../../../../../H-x86_64-mingw32/nios2-elf/lib\libc.a(lib_a-fwalk.o)
                0x000000000800d404                _fwalk
                0x000000000800d4bc                _fwalk_reent
 .text          0x000000000800d574        0x0 c:/altera/15.0/nios2eds/bin/gnu/h-x86_64-mingw32/bin/../lib/gcc/nios2-elf/4.9.1/../../../../../H-x86_64-mingw32/nios2-elf/lib\libc.a(lib_a-int_errno.o)
 .text          0x000000000800d574       0xe0 c:/altera/15.0/nios2eds/bin/gnu/h-x86_64-mingw32/bin/../lib/gcc/nios2-elf/4.9.1/../../../../../H-x86_64-mingw32/nios2-elf/lib\libc.a(lib_a-locale.o)
                0x000000000800d574                _setlocale_r
                0x000000000800d5f0                __locale_charset
                0x000000000800d5fc                __locale_mb_cur_max
                0x000000000800d60c                __locale_msgcharset
                0x000000000800d618                __locale_cjk_lang
                0x000000000800d620                _localeconv_r
                0x000000000800d62c                setlocale
                0x000000000800d648                localeconv
 .text          0x000000000800d654      0x1b8 c:/altera/15.0/nios2eds/bin/gnu/h-x86_64-mingw32/bin/../lib/gcc/nios2-elf/4.9.1/../../../../../H-x86_64-mingw32/nios2-elf/lib\libc.a(lib_a-makebuf.o)
                0x000000000800d654                __smakebuf_r
 .text          0x000000000800d80c       0xe8 c:/altera/15.0/nios2eds/bin/gnu/h-x86_64-mingw32/bin/../lib/gcc/nios2-elf/4.9.1/../../../../../H-x86_64-mingw32/nios2-elf/lib\libc.a(lib_a-memchr.o)
                0x000000000800d80c                memchr
 .text          0x000000000800d8f4      0x15c c:/altera/15.0/nios2eds/bin/gnu/h-x86_64-mingw32/bin/../lib/gcc/nios2-elf/4.9.1/../../../../../H-x86_64-mingw32/nios2-elf/lib\libc.a(lib_a-memmove.o)
                0x000000000800d8f4                memmove
 .text          0x000000000800da50      0xf8c c:/altera/15.0/nios2eds/bin/gnu/h-x86_64-mingw32/bin/../lib/gcc/nios2-elf/4.9.1/../../../../../H-x86_64-mingw32/nios2-elf/lib\libc.a(lib_a-mprec.o)
                0x000000000800da50                _Balloc
                0x000000000800daf8                _Bfree
                0x000000000800db20                __multadd
                0x000000000800dc34                __s2b
                0x000000000800dd38                __hi0bits
                0x000000000800dda0                __lo0bits
                0x000000000800de50                __i2b
                0x000000000800de8c                __multiply
                0x000000000800e088                __pow5mult
                0x000000000800e1c8                __lshift
                0x000000000800e310                __mcmp
                0x000000000800e370                __mdiff
                0x000000000800e508                __ulp
                0x000000000800e568                __b2d
                0x000000000800e684                __d2b
                0x000000000800e7c0                __ratio
                0x000000000800e864                _mprec_log10
                0x000000000800e8d8                __copybits
                0x000000000800e950                __any_on
 .text          0x000000000800e9dc      0x5a0 c:/altera/15.0/nios2eds/bin/gnu/h-x86_64-mingw32/bin/../lib/gcc/nios2-elf/4.9.1/../../../../../H-x86_64-mingw32/nios2-elf/lib\libc.a(lib_a-reallocr.o)
                0x000000000800e9dc                _realloc_r
 .text          0x000000000800ef7c       0x74 c:/altera/15.0/nios2eds/bin/gnu/h-x86_64-mingw32/bin/../lib/gcc/nios2-elf/4.9.1/../../../../../H-x86_64-mingw32/nios2-elf/lib\libc.a(lib_a-s_fpclassify.o)
                0x000000000800ef7c                __fpclassifyd
 .text          0x000000000800eff0      0x2a4 c:/altera/15.0/nios2eds/bin/gnu/h-x86_64-mingw32/bin/../lib/gcc/nios2-elf/4.9.1/../../../../../H-x86_64-mingw32/nios2-elf/lib\libc.a(lib_a-signal.o)
                0x000000000800eff0                _init_signal_r
                0x000000000800f058                _signal_r
                0x000000000800f0dc                _raise_r
                0x000000000800f198                __sigtramp_r
                0x000000000800f240                raise
                0x000000000800f254                signal
                0x000000000800f270                _init_signal
                0x000000000800f280                __sigtramp
 .text          0x000000000800f294       0x5c c:/altera/15.0/nios2eds/bin/gnu/h-x86_64-mingw32/bin/../lib/gcc/nios2-elf/4.9.1/../../../../../H-x86_64-mingw32/nios2-elf/lib\libc.a(lib_a-signalr.o)
                0x000000000800f294                _kill_r
                0x000000000800f2ec                _getpid_r
 .text          0x000000000800f2f0      0x13c c:/altera/15.0/nios2eds/bin/gnu/h-x86_64-mingw32/bin/../lib/gcc/nios2-elf/4.9.1/../../../../../H-x86_64-mingw32/nios2-elf/lib\libc.a(lib_a-stdio.o)
                0x000000000800f2f0                __sread
                0x000000000800f344                __seofread
                0x000000000800f34c                __swrite
                0x000000000800f3c8                __sseek
                0x000000000800f424                __sclose
 .text          0x000000000800f42c       0xa4 c:/altera/15.0/nios2eds/bin/gnu/h-x86_64-mingw32/bin/../lib/gcc/nios2-elf/4.9.1/../../../../../H-x86_64-mingw32/nios2-elf/lib\libc.a(lib_a-strcmp.o)
                0x000000000800f42c                strcmp
 .text          0x000000000800f4d0     0x1494 c:/altera/15.0/nios2eds/bin/gnu/h-x86_64-mingw32/bin/../lib/gcc/nios2-elf/4.9.1/../../../../../H-x86_64-mingw32/nios2-elf/lib\libc.a(lib_a-vfiprintf.o)
                0x000000000800f5cc                __sprint_r
                0x000000000800f5e4                ___vfiprintf_internal_r
                0x0000000008010940                __vfiprintf_internal
 .text          0x0000000008010964       0x5c c:/altera/15.0/nios2eds/bin/gnu/h-x86_64-mingw32/bin/../lib/gcc/nios2-elf/4.9.1/../../../../../H-x86_64-mingw32/nios2-elf/lib\libc.a(lib_a-writer.o)
                0x0000000008010964                _write_r
 .text          0x00000000080109c0       0x54 c:/altera/15.0/nios2eds/bin/gnu/h-x86_64-mingw32/bin/../lib/gcc/nios2-elf/4.9.1/../../../../../H-x86_64-mingw32/nios2-elf/lib\libc.a(closer.o)
                0x00000000080109c0                _close_r
 .text          0x0000000008010a14      0x114 c:/altera/15.0/nios2eds/bin/gnu/h-x86_64-mingw32/bin/../lib/gcc/nios2-elf/4.9.1/../../../../../H-x86_64-mingw32/nios2-elf/lib\libc.a(lib_a-fclose.o)
                0x0000000008010a14                _fclose_r
                0x0000000008010b14                fclose
 .text          0x0000000008010b28      0x1dc c:/altera/15.0/nios2eds/bin/gnu/h-x86_64-mingw32/bin/../lib/gcc/nios2-elf/4.9.1/../../../../../H-x86_64-mingw32/nios2-elf/lib\libc.a(lib_a-fputwc.o)
                0x0000000008010b28                _fputwc_r
                0x0000000008010cac                fputwc
 .text          0x0000000008010d04       0x58 c:/altera/15.0/nios2eds/bin/gnu/h-x86_64-mingw32/bin/../lib/gcc/nios2-elf/4.9.1/../../../../../H-x86_64-mingw32/nios2-elf/lib\libc.a(lib_a-fstatr.o)
                0x0000000008010d04                _fstat_r
 .text          0x0000000008010d5c       0x54 c:/altera/15.0/nios2eds/bin/gnu/h-x86_64-mingw32/bin/../lib/gcc/nios2-elf/4.9.1/../../../../../H-x86_64-mingw32/nios2-elf/lib\libc.a(lib_a-isattyr.o)
                0x0000000008010d5c                _isatty_r
 .text          0x0000000008010db0       0x5c c:/altera/15.0/nios2eds/bin/gnu/h-x86_64-mingw32/bin/../lib/gcc/nios2-elf/4.9.1/../../../../../H-x86_64-mingw32/nios2-elf/lib\libc.a(lib_a-lseekr.o)
                0x0000000008010db0                _lseek_r
 .text          0x0000000008010e0c       0x5c c:/altera/15.0/nios2eds/bin/gnu/h-x86_64-mingw32/bin/../lib/gcc/nios2-elf/4.9.1/../../../../../H-x86_64-mingw32/nios2-elf/lib\libc.a(lib_a-readr.o)
                0x0000000008010e0c                _read_r
 .text          0x0000000008010e68      0x170 c:/altera/15.0/nios2eds/bin/gnu/h-x86_64-mingw32/bin/../lib/gcc/nios2-elf/4.9.1/../../../../../H-x86_64-mingw32/nios2-elf/lib\libc.a(lib_a-wbuf.o)
                0x0000000008010e68                __swbuf_r
                0x0000000008010fbc                __swbuf
 .text          0x0000000008010fd8      0x174 c:/altera/15.0/nios2eds/bin/gnu/h-x86_64-mingw32/bin/../lib/gcc/nios2-elf/4.9.1/../../../../../H-x86_64-mingw32/nios2-elf/lib\libc.a(lib_a-wcrtomb.o)
                0x0000000008010fd8                _wcrtomb_r
                0x0000000008011074                wcrtomb
 .text          0x000000000801114c       0x8c c:/altera/15.0/nios2eds/bin/gnu/h-x86_64-mingw32/bin/../lib/gcc/nios2-elf/4.9.1/../../../../../H-x86_64-mingw32/nios2-elf/lib\libc.a(lib_a-wctomb_r.o)
                0x000000000801114c                __ascii_wctomb
                0x000000000801117c                _wctomb_r
 .text          0x00000000080111d8      0x5c0 c:/altera/15.0/nios2eds/bin/gnu/h-x86_64-mingw32/bin/../lib/gcc/nios2-elf/4.9.1\libgcc.a(_udivdi3.o)
                0x00000000080111d8                __udivdi3
 .text          0x0000000008011798      0x590 c:/altera/15.0/nios2eds/bin/gnu/h-x86_64-mingw32/bin/../lib/gcc/nios2-elf/4.9.1\libgcc.a(_umoddi3.o)
                0x0000000008011798                __umoddi3
 .text          0x0000000008011d28       0x84 c:/altera/15.0/nios2eds/bin/gnu/h-x86_64-mingw32/bin/../lib/gcc/nios2-elf/4.9.1\libgcc.a(eqdf2.o)
                0x0000000008011d28                __nedf2
                0x0000000008011d28                __eqdf2
 .text          0x0000000008011dac       0xa4 c:/altera/15.0/nios2eds/bin/gnu/h-x86_64-mingw32/bin/../lib/gcc/nios2-elf/4.9.1\libgcc.a(floatunsidf.o)
                0x0000000008011dac                __floatunsidf
 .text          0x0000000008011e50      0x120 ../graphics_bsp/\libhal_bsp.a(alt_close.o)
                0x0000000008011ea0                close
 .text          0x0000000008011f70       0x2c ../graphics_bsp/\libhal_bsp.a(alt_dev.o)
 .text          0x0000000008011f9c        0x0 ../graphics_bsp/\libhal_bsp.a(alt_errno.o)
 .text          0x0000000008011f9c       0x34 ../graphics_bsp/\libhal_bsp.a(alt_exit.o)
                0x0000000008011f9c                _exit
 .text          0x0000000008011fd0      0x100 ../graphics_bsp/\libhal_bsp.a(alt_fstat.o)
                0x0000000008012020                fstat
 .text          0x00000000080120d0       0x20 ../graphics_bsp/\libhal_bsp.a(alt_getpid.o)
                0x00000000080120d0                getpid
 .text          0x00000000080120f0       0xf4 ../graphics_bsp/\libhal_bsp.a(alt_isatty.o)
                0x0000000008012140                isatty
 .text          0x00000000080121e4      0x180 ../graphics_bsp/\libhal_bsp.a(alt_kill.o)
                0x0000000008012234                kill
 .text          0x0000000008012364       0xe4 ../graphics_bsp/\libhal_bsp.a(alt_load.o)
                0x00000000080123c8                alt_load
 .text          0x0000000008012448      0x124 ../graphics_bsp/\libhal_bsp.a(alt_lseek.o)
                0x0000000008012498                lseek
 .text          0x000000000801256c       0x78 ../graphics_bsp/\libhal_bsp.a(alt_main.o)
                0x000000000801256c                alt_main
 .text          0x00000000080125e4       0x40 ../graphics_bsp/\libhal_bsp.a(alt_malloc_lock.o)
                0x00000000080125e4                __malloc_lock
                0x0000000008012604                __malloc_unlock
 .text          0x0000000008012624      0x14c ../graphics_bsp/\libhal_bsp.a(alt_read.o)
                0x0000000008012674                read
 .text          0x0000000008012770       0x60 ../graphics_bsp/\libhal_bsp.a(alt_release_fd.o)
                0x0000000008012770                alt_release_fd
 .text          0x00000000080127d0       0xb0 ../graphics_bsp/\libhal_bsp.a(alt_sbrk.o)
                0x00000000080127d0                sbrk
 .text          0x0000000008012880       0x30 ../graphics_bsp/\libhal_bsp.a(alt_usleep.o)
                0x0000000008012880                usleep
 .text          0x00000000080128b0      0x148 ../graphics_bsp/\libhal_bsp.a(alt_write.o)
                0x0000000008012900                write
 .text          0x00000000080129f8       0xdc ../graphics_bsp/\libhal_bsp.a(alt_sys_init.o)
                0x0000000008012a30                alt_irq_init
                0x0000000008012a64                alt_sys_init
 .text          0x0000000008012ad4      0x164 ../graphics_bsp/\libhal_bsp.a(altera_avalon_jtag_uart_fd.o)
                0x0000000008012ad4                altera_avalon_jtag_uart_read_fd
                0x0000000008012b34                altera_avalon_jtag_uart_write_fd
                0x0000000008012b94                altera_avalon_jtag_uart_close_fd
                0x0000000008012be4                altera_avalon_jtag_uart_ioctl_fd
 .text          0x0000000008012c38      0x3d8 ../graphics_bsp/\libhal_bsp.a(altera_avalon_jtag_uart_init.o)
                0x0000000008012c38                altera_avalon_jtag_uart_init
                0x0000000008012fa8                altera_avalon_jtag_uart_close
 .text          0x0000000008013010       0xec ../graphics_bsp/\libhal_bsp.a(altera_avalon_jtag_uart_ioctl.o)
                0x0000000008013010                altera_avalon_jtag_uart_ioctl
 .text          0x00000000080130fc      0x20c ../graphics_bsp/\libhal_bsp.a(altera_avalon_jtag_uart_read.o)
                0x00000000080130fc                altera_avalon_jtag_uart_read
 .text          0x0000000008013308      0x218 ../graphics_bsp/\libhal_bsp.a(altera_avalon_jtag_uart_write.o)
                0x0000000008013308                altera_avalon_jtag_uart_write
 .text          0x0000000008013520       0xfc ../graphics_bsp/\libhal_bsp.a(altera_avalon_timer_sc.o)
                0x0000000008013594                alt_avalon_timer_sc_init
 .text          0x000000000801361c      0x4d8 ../graphics_bsp/\libhal_bsp.a(altera_up_avalon_character_lcd.o)
                0x000000000801361c                get_DDRAM_addr
                0x0000000008013690                alt_up_character_lcd_send_cmd
                0x00000000080136cc                alt_up_character_lcd_init
                0x0000000008013700                alt_up_character_lcd_open_dev
                0x0000000008013740                alt_up_character_lcd_write
                0x00000000080137b8                alt_up_character_lcd_string
                0x000000000801382c                alt_up_character_lcd_write_fd
                0x000000000801387c                alt_up_character_lcd_set_cursor_pos
                0x00000000080138f0                alt_up_character_lcd_shift_cursor
                0x0000000008013978                alt_up_character_lcd_shift_display
                0x0000000008013a00                alt_up_character_lcd_erase_pos
                0x0000000008013a8c                alt_up_character_lcd_cursor_off
                0x0000000008013ac0                alt_up_character_lcd_cursor_blink_on
 .text          0x0000000008013af4      0x140 ../graphics_bsp/\libhal_bsp.a(alt_alarm_start.o)
                0x0000000008013af4                alt_alarm_start
 .text          0x0000000008013c34      0x128 ../graphics_bsp/\libhal_bsp.a(alt_busy_sleep.o)
                0x0000000008013c34                alt_busy_sleep
 .text          0x0000000008013d5c       0x1c ../graphics_bsp/\libhal_bsp.a(alt_dcache_flush_all.o)
                0x0000000008013d5c                alt_dcache_flush_all
 .text          0x0000000008013d78       0xf4 ../graphics_bsp/\libhal_bsp.a(alt_dev_llist_insert.o)
                0x0000000008013dc8                alt_dev_llist_insert
 .text          0x0000000008013e6c       0x5c ../graphics_bsp/\libhal_bsp.a(alt_do_ctors.o)
                0x0000000008013e6c                _do_ctors
 .text          0x0000000008013ec8       0x5c ../graphics_bsp/\libhal_bsp.a(alt_do_dtors.o)
                0x0000000008013ec8                _do_dtors
 .text          0x0000000008013f24       0x90 ../graphics_bsp/\libhal_bsp.a(alt_find_dev.o)
                0x0000000008013f24                alt_find_dev
 .text          0x0000000008013fb4       0x30 ../graphics_bsp/\libhal_bsp.a(alt_icache_flush_all.o)
                0x0000000008013fb4                alt_icache_flush_all
 .text          0x0000000008013fe4      0x1e0 ../graphics_bsp/\libhal_bsp.a(alt_iic.o)
                0x0000000008013fe4                alt_ic_isr_register
                0x0000000008014034                alt_ic_irq_enable
                0x00000000080140d4                alt_ic_irq_disable
                0x0000000008014178                alt_ic_irq_enabled
 .text          0x00000000080141c4       0xf0 ../graphics_bsp/\libhal_bsp.a(alt_iic_isr_register.o)
                0x00000000080141c4                alt_iic_isr_register
 .text          0x00000000080142b4      0x138 ../graphics_bsp/\libhal_bsp.a(alt_io_redirect.o)
                0x0000000008014374                alt_io_redirect
 .text          0x00000000080143ec        0x0 ../graphics_bsp/\libhal_bsp.a(alt_irq_entry.o)
 .text          0x00000000080143ec        0x0 ../graphics_bsp/\libhal_bsp.a(alt_irq_handler.o)
 .text          0x00000000080143ec        0x0 ../graphics_bsp/\libhal_bsp.a(alt_irq_vars.o)
 .text          0x00000000080143ec      0x274 ../graphics_bsp/\libhal_bsp.a(alt_open.o)
                0x0000000008014508                open
 .text          0x0000000008014660      0x19c ../graphics_bsp/\libhal_bsp.a(alt_tick.o)
                0x0000000008014660                alt_alarm_stop
                0x00000000080146f8                alt_tick
 .text          0x00000000080147fc       0x20 ../graphics_bsp/\libhal_bsp.a(altera_nios2_qsys_irq.o)
                0x00000000080147fc                altera_nios2_qsys_irq_init
 .text          0x000000000801481c        0x0 ../graphics_bsp/\libhal_bsp.a(alt_exception_entry.o)
 .text          0x000000000801481c      0x114 ../graphics_bsp/\libhal_bsp.a(alt_find_file.o)
                0x000000000801481c                alt_find_file
 .text          0x0000000008014930       0xb4 ../graphics_bsp/\libhal_bsp.a(alt_get_fd.o)
                0x0000000008014930                alt_get_fd
 .text          0x00000000080149e4       0x8c ../graphics_bsp/\libhal_bsp.a(alt_icache_flush.o)
                0x00000000080149e4                alt_icache_flush
 .text          0x0000000008014a70       0x14 c:/altera/15.0/nios2eds/bin/gnu/h-x86_64-mingw32/bin/../lib/gcc/nios2-elf/4.9.1/../../../../../H-x86_64-mingw32/nios2-elf/lib\libc.a(lib_a-atexit.o)
                0x0000000008014a70                atexit
 .text          0x0000000008014a84       0x38 c:/altera/15.0/nios2eds/bin/gnu/h-x86_64-mingw32/bin/../lib/gcc/nios2-elf/4.9.1/../../../../../H-x86_64-mingw32/nios2-elf/lib\libc.a(lib_a-exit.o)
                0x0000000008014a84                exit
 .text          0x0000000008014abc       0x7c c:/altera/15.0/nios2eds/bin/gnu/h-x86_64-mingw32/bin/../lib/gcc/nios2-elf/4.9.1/../../../../../H-x86_64-mingw32/nios2-elf/lib\libc.a(lib_a-memcmp.o)
                0x0000000008014abc                memcmp
 .text          0x0000000008014b38      0x114 c:/altera/15.0/nios2eds/bin/gnu/h-x86_64-mingw32/bin/../lib/gcc/nios2-elf/4.9.1/../../../../../H-x86_64-mingw32/nios2-elf/lib\libc.a(lib_a-__atexit.o)
                0x0000000008014b38                __register_exitproc
 .text          0x0000000008014c4c      0x194 c:/altera/15.0/nios2eds/bin/gnu/h-x86_64-mingw32/bin/../lib/gcc/nios2-elf/4.9.1/../../../../../H-x86_64-mingw32/nios2-elf/lib\libc.a(lib_a-__call_atexit.o)
                0x0000000008014c4c                __call_exitprocs
 *(.gnu.warning.*)
 *(.fini)
                0x0000000008014de0                PROVIDE (__etext, ABSOLUTE (.))
                0x0000000008014de0                PROVIDE (_etext, ABSOLUTE (.))
                0x0000000008014de0                PROVIDE (etext, ABSOLUTE (.))
 *(.eh_frame_hdr)
                0x0000000008014de0                . = ALIGN (0x4)
                0x0000000008014de0                PROVIDE (__preinit_array_start, ABSOLUTE (.))
 *(.preinit_array)
                0x0000000008014de0                PROVIDE (__preinit_array_end, ABSOLUTE (.))
                0x0000000008014de0                PROVIDE (__init_array_start, ABSOLUTE (.))
 *(.init_array)
                0x0000000008014de0                PROVIDE (__init_array_end, ABSOLUTE (.))
                0x0000000008014de0                PROVIDE (__fini_array_start, ABSOLUTE (.))
 *(.fini_array)
                0x0000000008014de0                PROVIDE (__fini_array_end, ABSOLUTE (.))
 *(.eh_frame)
 *(.gcc_except_table .gcc_except_table.*)
 *(.dynamic)
                0x0000000008014de0                PROVIDE (__CTOR_LIST__, ABSOLUTE (.))
 *(.ctors)
 *(SORT(.ctors.*))
                0x0000000008014de0                PROVIDE (__CTOR_END__, ABSOLUTE (.))
                0x0000000008014de0                PROVIDE (__DTOR_LIST__, ABSOLUTE (.))
 *(.dtors)
 *(SORT(.dtors.*))
                0x0000000008014de0                PROVIDE (__DTOR_END__, ABSOLUTE (.))
 *(.jcr)
                0x0000000008014de0                . = ALIGN (0x4)

.rodata         0x0000000008014de0      0x7fc
                0x0000000008014de0                PROVIDE (__ram_rodata_start, ABSOLUTE (.))
                0x0000000008014de0                . = ALIGN (0x4)
 *(.rodata .rodata.* .gnu.linkonce.r.*)
 .rodata        0x0000000008014de0       0x58 obj/default/Bounds.o
 .rodata        0x0000000008014e38        0x8 obj/default/Button.o
 .rodata        0x0000000008014e40        0xc obj/default/DE1_SOC_touchscreen.o
 .rodata        0x0000000008014e4c       0xb0 obj/default/DrawOperations.o
 .rodata        0x0000000008014efc       0x14 obj/default/Event.o
 .rodata        0x0000000008014f10        0xc obj/default/ListView.o
 .rodata        0x0000000008014f1c      0x18c obj/default/Object.o
 .rodata        0x00000000080150a8        0xc obj/default/ProgressBar.o
 .rodata        0x00000000080150b4        0xc obj/default/ScreenView.o
 .rodata        0x00000000080150c0        0x8 obj/default/Shapes.o
 .rodata        0x00000000080150c8      0x17c obj/default/TestLib.o
 .rodata        0x0000000008015244       0x2c obj/default/TouchEventHandler.o
 .rodata        0x0000000008015270       0x14 obj/default/View.o
 .rodata        0x0000000008015284      0x100 c:/altera/15.0/nios2eds/bin/gnu/h-x86_64-mingw32/bin/../lib/gcc/nios2-elf/4.9.1\libgcc.a(_clz.o)
                0x0000000008015284                __clz_tab
 .rodata.str1.4
                0x0000000008015384       0x3f c:/altera/15.0/nios2eds/bin/gnu/h-x86_64-mingw32/bin/../lib/gcc/nios2-elf/4.9.1/../../../../../H-x86_64-mingw32/nios2-elf/lib\libc.a(lib_a-assert.o)
                                         0x44 (size before relaxing)
 *fill*         0x00000000080153c3        0x1 
 .rodata.str1.4
                0x00000000080153c4        0x2 c:/altera/15.0/nios2eds/bin/gnu/h-x86_64-mingw32/bin/../lib/gcc/nios2-elf/4.9.1/../../../../../H-x86_64-mingw32/nios2-elf/lib\libc.a(lib_a-impure.o)
                                          0x4 (size before relaxing)
 *fill*         0x00000000080153c6        0x2 
 .rodata.str1.4
                0x00000000080153c8        0x2 c:/altera/15.0/nios2eds/bin/gnu/h-x86_64-mingw32/bin/../lib/gcc/nios2-elf/4.9.1/../../../../../H-x86_64-mingw32/nios2-elf/lib\libc.a(lib_a-puts.o)
                                          0x4 (size before relaxing)
 *fill*         0x00000000080153ca        0x2 
 .rodata.str1.4
                0x00000000080153cc       0x42 c:/altera/15.0/nios2eds/bin/gnu/h-x86_64-mingw32/bin/../lib/gcc/nios2-elf/4.9.1/../../../../../H-x86_64-mingw32/nios2-elf/lib\libc.a(lib_a-vfprintf.o)
                                         0x44 (size before relaxing)
 .rodata        0x000000000801540e       0x20 c:/altera/15.0/nios2eds/bin/gnu/h-x86_64-mingw32/bin/../lib/gcc/nios2-elf/4.9.1/../../../../../H-x86_64-mingw32/nios2-elf/lib\libc.a(lib_a-vfprintf.o)
 *fill*         0x000000000801542e        0x2 
 .rodata.str1.4
                0x0000000008015430       0x10 c:/altera/15.0/nios2eds/bin/gnu/h-x86_64-mingw32/bin/../lib/gcc/nios2-elf/4.9.1/../../../../../H-x86_64-mingw32/nios2-elf/lib\libc.a(lib_a-dtoa.o)
                                         0x14 (size before relaxing)
 .rodata.str1.4
                0x0000000008015440        0xc c:/altera/15.0/nios2eds/bin/gnu/h-x86_64-mingw32/bin/../lib/gcc/nios2-elf/4.9.1/../../../../../H-x86_64-mingw32/nios2-elf/lib\libc.a(lib_a-locale.o)
                                         0x14 (size before relaxing)
 .rodata        0x000000000801544c      0x124 c:/altera/15.0/nios2eds/bin/gnu/h-x86_64-mingw32/bin/../lib/gcc/nios2-elf/4.9.1/../../../../../H-x86_64-mingw32/nios2-elf/lib\libc.a(lib_a-mprec.o)
                0x0000000008015458                __mprec_tinytens
                0x0000000008015480                __mprec_bigtens
                0x00000000080154a8                __mprec_tens
 .rodata.str1.4
                0x0000000000000000       0x30 c:/altera/15.0/nios2eds/bin/gnu/h-x86_64-mingw32/bin/../lib/gcc/nios2-elf/4.9.1/../../../../../H-x86_64-mingw32/nios2-elf/lib\libc.a(lib_a-vfiprintf.o)
 .rodata        0x0000000008015570       0x20 c:/altera/15.0/nios2eds/bin/gnu/h-x86_64-mingw32/bin/../lib/gcc/nios2-elf/4.9.1/../../../../../H-x86_64-mingw32/nios2-elf/lib\libc.a(lib_a-vfiprintf.o)
 .rodata        0x0000000008015590        0xc ../graphics_bsp/\libhal_bsp.a(alt_dev.o)
 .rodata        0x000000000801559c       0x14 ../graphics_bsp/\libhal_bsp.a(alt_main.o)
 .rodata        0x00000000080155b0       0x2c ../graphics_bsp/\libhal_bsp.a(alt_sys_init.o)
 *(.rodata1)
                0x00000000080155dc                . = ALIGN (0x4)
                0x00000000080155dc                PROVIDE (__ram_rodata_end, ABSOLUTE (.))
                0x0000000008014de0                PROVIDE (__flash_rodata_start, LOADADDR (.rodata))

.rwdata         0x00000000080155dc     0x1b68 load address 0x0000000008017144
                0x00000000080155dc                PROVIDE (__ram_rwdata_start, ABSOLUTE (.))
                0x00000000080155dc                . = ALIGN (0x4)
 *(.got.plt)
 *(.got)
 *(.data1)
 *(.data .data.* .gnu.linkonce.d.*)
 .data          0x00000000080155dc        0x0 ../graphics_bsp//obj/HAL/src/crt0.o
 .data          0x00000000080155dc        0x0 obj/default/Bounds.o
 .data          0x00000000080155dc        0x0 obj/default/Button.o
 .data          0x00000000080155dc        0x0 obj/default/DE1_SOC_graphics.o
 .data          0x00000000080155dc        0x0 obj/default/DE1_SOC_touchscreen.o
 .data          0x00000000080155dc        0x0 obj/default/DrawOperations.o
 .data          0x00000000080155dc        0x0 obj/default/Event.o
 .data          0x00000000080155dc        0x0 obj/default/EventHandler.o
 .data          0x00000000080155dc        0x0 obj/default/ListView.o
 .data          0x00000000080155dc        0x0 obj/default/MainEntry.o
 .data          0x00000000080155dc        0x0 obj/default/Object.o
 .data          0x00000000080155dc        0x0 obj/default/ProgressBar.o
 .data          0x00000000080155dc        0x0 obj/default/Renderer.o
 .data          0x00000000080155dc        0x0 obj/default/ScreenView.o
 .data          0x00000000080155dc        0x0 obj/default/Shapes.o
 .data          0x00000000080155dc        0x0 obj/default/TestLib.o
 .data          0x00000000080155dc        0x0 obj/default/TouchEventHandler.o
 .data          0x00000000080155dc        0x0 obj/default/View.o
 .data          0x00000000080155dc        0x0 c:/altera/15.0/nios2eds/bin/gnu/h-x86_64-mingw32/bin/../lib/gcc/nios2-elf/4.9.1\libgcc.a(tramp.o)
 .data          0x00000000080155dc        0x0 c:/altera/15.0/nios2eds/bin/gnu/h-x86_64-mingw32/bin/../lib/gcc/nios2-elf/4.9.1\libgcc.a(adddf3.o)
 .data          0x00000000080155dc        0x0 c:/altera/15.0/nios2eds/bin/gnu/h-x86_64-mingw32/bin/../lib/gcc/nios2-elf/4.9.1\libgcc.a(divdf3.o)
 .data          0x00000000080155dc        0x0 c:/altera/15.0/nios2eds/bin/gnu/h-x86_64-mingw32/bin/../lib/gcc/nios2-elf/4.9.1\libgcc.a(gedf2.o)
 .data          0x00000000080155dc        0x0 c:/altera/15.0/nios2eds/bin/gnu/h-x86_64-mingw32/bin/../lib/gcc/nios2-elf/4.9.1\libgcc.a(ledf2.o)
 .data          0x00000000080155dc        0x0 c:/altera/15.0/nios2eds/bin/gnu/h-x86_64-mingw32/bin/../lib/gcc/nios2-elf/4.9.1\libgcc.a(muldf3.o)
 .data          0x00000000080155dc        0x0 c:/altera/15.0/nios2eds/bin/gnu/h-x86_64-mingw32/bin/../lib/gcc/nios2-elf/4.9.1\libgcc.a(subdf3.o)
 .data          0x00000000080155dc        0x0 c:/altera/15.0/nios2eds/bin/gnu/h-x86_64-mingw32/bin/../lib/gcc/nios2-elf/4.9.1\libgcc.a(fixdfsi.o)
 .data          0x00000000080155dc        0x0 c:/altera/15.0/nios2eds/bin/gnu/h-x86_64-mingw32/bin/../lib/gcc/nios2-elf/4.9.1\libgcc.a(floatsidf.o)
 .data          0x00000000080155dc        0x0 c:/altera/15.0/nios2eds/bin/gnu/h-x86_64-mingw32/bin/../lib/gcc/nios2-elf/4.9.1\libgcc.a(_clzsi2.o)
 .data          0x00000000080155dc        0x0 c:/altera/15.0/nios2eds/bin/gnu/h-x86_64-mingw32/bin/../lib/gcc/nios2-elf/4.9.1\libgcc.a(lib2-divmod.o)
 .data          0x00000000080155dc        0x0 c:/altera/15.0/nios2eds/bin/gnu/h-x86_64-mingw32/bin/../lib/gcc/nios2-elf/4.9.1\libgcc.a(_clz.o)
 .data          0x00000000080155dc        0x0 c:/altera/15.0/nios2eds/bin/gnu/h-x86_64-mingw32/bin/../lib/gcc/nios2-elf/4.9.1/../../../../../H-x86_64-mingw32/nios2-elf/lib\libc.a(lib_a-assert.o)
 .data          0x00000000080155dc        0x0 c:/altera/15.0/nios2eds/bin/gnu/h-x86_64-mingw32/bin/../lib/gcc/nios2-elf/4.9.1/../../../../../H-x86_64-mingw32/nios2-elf/lib\libc.a(lib_a-calloc.o)
 .data          0x00000000080155dc        0x0 c:/altera/15.0/nios2eds/bin/gnu/h-x86_64-mingw32/bin/../lib/gcc/nios2-elf/4.9.1/../../../../../H-x86_64-mingw32/nios2-elf/lib\libc.a(lib_a-callocr.o)
 .data          0x00000000080155dc        0x0 c:/altera/15.0/nios2eds/bin/gnu/h-x86_64-mingw32/bin/../lib/gcc/nios2-elf/4.9.1/../../../../../H-x86_64-mingw32/nios2-elf/lib\libc.a(lib_a-fiprintf.o)
 .data          0x00000000080155dc        0x0 c:/altera/15.0/nios2eds/bin/gnu/h-x86_64-mingw32/bin/../lib/gcc/nios2-elf/4.9.1/../../../../../H-x86_64-mingw32/nios2-elf/lib\libc.a(lib_a-fprintf.o)
 .data          0x00000000080155dc      0x424 c:/altera/15.0/nios2eds/bin/gnu/h-x86_64-mingw32/bin/../lib/gcc/nios2-elf/4.9.1/../../../../../H-x86_64-mingw32/nios2-elf/lib\libc.a(lib_a-impure.o)
 .data          0x0000000008015a00        0x0 c:/altera/15.0/nios2eds/bin/gnu/h-x86_64-mingw32/bin/../lib/gcc/nios2-elf/4.9.1/../../../../../H-x86_64-mingw32/nios2-elf/lib\libc.a(lib_a-malloc.o)
 .data          0x0000000008015a00      0x408 c:/altera/15.0/nios2eds/bin/gnu/h-x86_64-mingw32/bin/../lib/gcc/nios2-elf/4.9.1/../../../../../H-x86_64-mingw32/nios2-elf/lib\libc.a(lib_a-mallocr.o)
                0x0000000008015a00                __malloc_av_
 .data          0x0000000008015e08        0x0 c:/altera/15.0/nios2eds/bin/gnu/h-x86_64-mingw32/bin/../lib/gcc/nios2-elf/4.9.1/../../../../../H-x86_64-mingw32/nios2-elf/lib\libc.a(lib_a-memcpy.o)
 .data          0x0000000008015e08        0x0 c:/altera/15.0/nios2eds/bin/gnu/h-x86_64-mingw32/bin/../lib/gcc/nios2-elf/4.9.1/../../../../../H-x86_64-mingw32/nios2-elf/lib\libc.a(lib_a-memset.o)
 .data          0x0000000008015e08        0x0 c:/altera/15.0/nios2eds/bin/gnu/h-x86_64-mingw32/bin/../lib/gcc/nios2-elf/4.9.1/../../../../../H-x86_64-mingw32/nios2-elf/lib\libc.a(lib_a-printf.o)
 .data          0x0000000008015e08        0x0 c:/altera/15.0/nios2eds/bin/gnu/h-x86_64-mingw32/bin/../lib/gcc/nios2-elf/4.9.1/../../../../../H-x86_64-mingw32/nios2-elf/lib\libc.a(lib_a-puts.o)
 .data          0x0000000008015e08        0x0 c:/altera/15.0/nios2eds/bin/gnu/h-x86_64-mingw32/bin/../lib/gcc/nios2-elf/4.9.1/../../../../../H-x86_64-mingw32/nios2-elf/lib\libc.a(lib_a-sbrkr.o)
 .data          0x0000000008015e08        0x0 c:/altera/15.0/nios2eds/bin/gnu/h-x86_64-mingw32/bin/../lib/gcc/nios2-elf/4.9.1/../../../../../H-x86_64-mingw32/nios2-elf/lib\libc.a(lib_a-strlen.o)
 .data          0x0000000008015e08        0x0 c:/altera/15.0/nios2eds/bin/gnu/h-x86_64-mingw32/bin/../lib/gcc/nios2-elf/4.9.1/../../../../../H-x86_64-mingw32/nios2-elf/lib\libc.a(lib_a-vfiprintfr_1.o)
 .data          0x0000000008015e08        0x0 c:/altera/15.0/nios2eds/bin/gnu/h-x86_64-mingw32/bin/../lib/gcc/nios2-elf/4.9.1/../../../../../H-x86_64-mingw32/nios2-elf/lib\libc.a(lib_a-vfprintf.o)
 .data          0x0000000008015e08        0x0 c:/altera/15.0/nios2eds/bin/gnu/h-x86_64-mingw32/bin/../lib/gcc/nios2-elf/4.9.1/../../../../../H-x86_64-mingw32/nios2-elf/lib\libc.a(lib_a-wsetup.o)
 .data          0x0000000008015e08        0x0 c:/altera/15.0/nios2eds/bin/gnu/h-x86_64-mingw32/bin/../lib/gcc/nios2-elf/4.9.1/../../../../../H-x86_64-mingw32/nios2-elf/lib\libc.a(lib_a-abort.o)
 .data          0x0000000008015e08        0x0 c:/altera/15.0/nios2eds/bin/gnu/h-x86_64-mingw32/bin/../lib/gcc/nios2-elf/4.9.1/../../../../../H-x86_64-mingw32/nios2-elf/lib\libc.a(lib_a-dtoa.o)
 .data          0x0000000008015e08        0x0 c:/altera/15.0/nios2eds/bin/gnu/h-x86_64-mingw32/bin/../lib/gcc/nios2-elf/4.9.1/../../../../../H-x86_64-mingw32/nios2-elf/lib\libc.a(lib_a-fflush.o)
 .data          0x0000000008015e08        0x0 c:/altera/15.0/nios2eds/bin/gnu/h-x86_64-mingw32/bin/../lib/gcc/nios2-elf/4.9.1/../../../../../H-x86_64-mingw32/nios2-elf/lib\libc.a(lib_a-findfp.o)
 .data          0x0000000008015e08        0x0 c:/altera/15.0/nios2eds/bin/gnu/h-x86_64-mingw32/bin/../lib/gcc/nios2-elf/4.9.1/../../../../../H-x86_64-mingw32/nios2-elf/lib\libc.a(lib_a-freer.o)
 .data          0x0000000008015e08        0x0 c:/altera/15.0/nios2eds/bin/gnu/h-x86_64-mingw32/bin/../lib/gcc/nios2-elf/4.9.1/../../../../../H-x86_64-mingw32/nios2-elf/lib\libc.a(lib_a-fvwrite.o)
 .data          0x0000000008015e08        0x0 c:/altera/15.0/nios2eds/bin/gnu/h-x86_64-mingw32/bin/../lib/gcc/nios2-elf/4.9.1/../../../../../H-x86_64-mingw32/nios2-elf/lib\libc.a(lib_a-fwalk.o)
 .data          0x0000000008015e08        0x0 c:/altera/15.0/nios2eds/bin/gnu/h-x86_64-mingw32/bin/../lib/gcc/nios2-elf/4.9.1/../../../../../H-x86_64-mingw32/nios2-elf/lib\libc.a(lib_a-int_errno.o)
 .data          0x0000000008015e08       0x78 c:/altera/15.0/nios2eds/bin/gnu/h-x86_64-mingw32/bin/../lib/gcc/nios2-elf/4.9.1/../../../../../H-x86_64-mingw32/nios2-elf/lib\libc.a(lib_a-locale.o)
 .data          0x0000000008015e80        0x0 c:/altera/15.0/nios2eds/bin/gnu/h-x86_64-mingw32/bin/../lib/gcc/nios2-elf/4.9.1/../../../../../H-x86_64-mingw32/nios2-elf/lib\libc.a(lib_a-makebuf.o)
 .data          0x0000000008015e80        0x0 c:/altera/15.0/nios2eds/bin/gnu/h-x86_64-mingw32/bin/../lib/gcc/nios2-elf/4.9.1/../../../../../H-x86_64-mingw32/nios2-elf/lib\libc.a(lib_a-memchr.o)
 .data          0x0000000008015e80        0x0 c:/altera/15.0/nios2eds/bin/gnu/h-x86_64-mingw32/bin/../lib/gcc/nios2-elf/4.9.1/../../../../../H-x86_64-mingw32/nios2-elf/lib\libc.a(lib_a-memmove.o)
 .data          0x0000000008015e80        0x0 c:/altera/15.0/nios2eds/bin/gnu/h-x86_64-mingw32/bin/../lib/gcc/nios2-elf/4.9.1/../../../../../H-x86_64-mingw32/nios2-elf/lib\libc.a(lib_a-mprec.o)
 .data          0x0000000008015e80        0x0 c:/altera/15.0/nios2eds/bin/gnu/h-x86_64-mingw32/bin/../lib/gcc/nios2-elf/4.9.1/../../../../../H-x86_64-mingw32/nios2-elf/lib\libc.a(lib_a-reallocr.o)
 .data          0x0000000008015e80        0x0 c:/altera/15.0/nios2eds/bin/gnu/h-x86_64-mingw32/bin/../lib/gcc/nios2-elf/4.9.1/../../../../../H-x86_64-mingw32/nios2-elf/lib\libc.a(lib_a-s_fpclassify.o)
 .data          0x0000000008015e80        0x0 c:/altera/15.0/nios2eds/bin/gnu/h-x86_64-mingw32/bin/../lib/gcc/nios2-elf/4.9.1/../../../../../H-x86_64-mingw32/nios2-elf/lib\libc.a(lib_a-signal.o)
 .data          0x0000000008015e80        0x0 c:/altera/15.0/nios2eds/bin/gnu/h-x86_64-mingw32/bin/../lib/gcc/nios2-elf/4.9.1/../../../../../H-x86_64-mingw32/nios2-elf/lib\libc.a(lib_a-signalr.o)
 .data          0x0000000008015e80        0x0 c:/altera/15.0/nios2eds/bin/gnu/h-x86_64-mingw32/bin/../lib/gcc/nios2-elf/4.9.1/../../../../../H-x86_64-mingw32/nios2-elf/lib\libc.a(lib_a-stdio.o)
 .data          0x0000000008015e80        0x0 c:/altera/15.0/nios2eds/bin/gnu/h-x86_64-mingw32/bin/../lib/gcc/nios2-elf/4.9.1/../../../../../H-x86_64-mingw32/nios2-elf/lib\libc.a(lib_a-strcmp.o)
 .data          0x0000000008015e80        0x0 c:/altera/15.0/nios2eds/bin/gnu/h-x86_64-mingw32/bin/../lib/gcc/nios2-elf/4.9.1/../../../../../H-x86_64-mingw32/nios2-elf/lib\libc.a(lib_a-vfiprintf.o)
 .data          0x0000000008015e80        0x0 c:/altera/15.0/nios2eds/bin/gnu/h-x86_64-mingw32/bin/../lib/gcc/nios2-elf/4.9.1/../../../../../H-x86_64-mingw32/nios2-elf/lib\libc.a(lib_a-writer.o)
 .data          0x0000000008015e80        0x0 c:/altera/15.0/nios2eds/bin/gnu/h-x86_64-mingw32/bin/../lib/gcc/nios2-elf/4.9.1/../../../../../H-x86_64-mingw32/nios2-elf/lib\libc.a(closer.o)
 .data          0x0000000008015e80        0x0 c:/altera/15.0/nios2eds/bin/gnu/h-x86_64-mingw32/bin/../lib/gcc/nios2-elf/4.9.1/../../../../../H-x86_64-mingw32/nios2-elf/lib\libc.a(lib_a-fclose.o)
 .data          0x0000000008015e80        0x0 c:/altera/15.0/nios2eds/bin/gnu/h-x86_64-mingw32/bin/../lib/gcc/nios2-elf/4.9.1/../../../../../H-x86_64-mingw32/nios2-elf/lib\libc.a(lib_a-fputwc.o)
 .data          0x0000000008015e80        0x0 c:/altera/15.0/nios2eds/bin/gnu/h-x86_64-mingw32/bin/../lib/gcc/nios2-elf/4.9.1/../../../../../H-x86_64-mingw32/nios2-elf/lib\libc.a(lib_a-fstatr.o)
 .data          0x0000000008015e80        0x0 c:/altera/15.0/nios2eds/bin/gnu/h-x86_64-mingw32/bin/../lib/gcc/nios2-elf/4.9.1/../../../../../H-x86_64-mingw32/nios2-elf/lib\libc.a(lib_a-isattyr.o)
 .data          0x0000000008015e80        0x0 c:/altera/15.0/nios2eds/bin/gnu/h-x86_64-mingw32/bin/../lib/gcc/nios2-elf/4.9.1/../../../../../H-x86_64-mingw32/nios2-elf/lib\libc.a(lib_a-lseekr.o)
 .data          0x0000000008015e80        0x0 c:/altera/15.0/nios2eds/bin/gnu/h-x86_64-mingw32/bin/../lib/gcc/nios2-elf/4.9.1/../../../../../H-x86_64-mingw32/nios2-elf/lib\libc.a(lib_a-readr.o)
 .data          0x0000000008015e80        0x0 c:/altera/15.0/nios2eds/bin/gnu/h-x86_64-mingw32/bin/../lib/gcc/nios2-elf/4.9.1/../../../../../H-x86_64-mingw32/nios2-elf/lib\libc.a(lib_a-wbuf.o)
 .data          0x0000000008015e80        0x0 c:/altera/15.0/nios2eds/bin/gnu/h-x86_64-mingw32/bin/../lib/gcc/nios2-elf/4.9.1/../../../../../H-x86_64-mingw32/nios2-elf/lib\libc.a(lib_a-wcrtomb.o)
 .data          0x0000000008015e80        0x0 c:/altera/15.0/nios2eds/bin/gnu/h-x86_64-mingw32/bin/../lib/gcc/nios2-elf/4.9.1/../../../../../H-x86_64-mingw32/nios2-elf/lib\libc.a(lib_a-wctomb_r.o)
 .data          0x0000000008015e80        0x0 c:/altera/15.0/nios2eds/bin/gnu/h-x86_64-mingw32/bin/../lib/gcc/nios2-elf/4.9.1\libgcc.a(_udivdi3.o)
 .data          0x0000000008015e80        0x0 c:/altera/15.0/nios2eds/bin/gnu/h-x86_64-mingw32/bin/../lib/gcc/nios2-elf/4.9.1\libgcc.a(_umoddi3.o)
 .data          0x0000000008015e80        0x0 c:/altera/15.0/nios2eds/bin/gnu/h-x86_64-mingw32/bin/../lib/gcc/nios2-elf/4.9.1\libgcc.a(eqdf2.o)
 .data          0x0000000008015e80        0x0 c:/altera/15.0/nios2eds/bin/gnu/h-x86_64-mingw32/bin/../lib/gcc/nios2-elf/4.9.1\libgcc.a(floatunsidf.o)
 .data          0x0000000008015e80        0x0 ../graphics_bsp/\libhal_bsp.a(alt_close.o)
 .data          0x0000000008015e80      0x1a8 ../graphics_bsp/\libhal_bsp.a(alt_dev.o)
                0x0000000008015e80                alt_dev_null
                0x0000000008015ea8                alt_fd_list
 .data          0x0000000008016028        0x0 ../graphics_bsp/\libhal_bsp.a(alt_errno.o)
 .data          0x0000000008016028        0x0 ../graphics_bsp/\libhal_bsp.a(alt_exit.o)
 .data          0x0000000008016028        0x0 ../graphics_bsp/\libhal_bsp.a(alt_fstat.o)
 .data          0x0000000008016028        0x0 ../graphics_bsp/\libhal_bsp.a(alt_getpid.o)
 .data          0x0000000008016028        0x0 ../graphics_bsp/\libhal_bsp.a(alt_isatty.o)
 .data          0x0000000008016028        0x0 ../graphics_bsp/\libhal_bsp.a(alt_kill.o)
 .data          0x0000000008016028        0x0 ../graphics_bsp/\libhal_bsp.a(alt_load.o)
 .data          0x0000000008016028        0x0 ../graphics_bsp/\libhal_bsp.a(alt_lseek.o)
 .data          0x0000000008016028        0x0 ../graphics_bsp/\libhal_bsp.a(alt_main.o)
 .data          0x0000000008016028        0x0 ../graphics_bsp/\libhal_bsp.a(alt_malloc_lock.o)
 .data          0x0000000008016028        0x0 ../graphics_bsp/\libhal_bsp.a(alt_read.o)
 .data          0x0000000008016028        0x0 ../graphics_bsp/\libhal_bsp.a(alt_release_fd.o)
 .data          0x0000000008016028        0x0 ../graphics_bsp/\libhal_bsp.a(alt_sbrk.o)
 .data          0x0000000008016028        0x0 ../graphics_bsp/\libhal_bsp.a(alt_usleep.o)
 .data          0x0000000008016028        0x0 ../graphics_bsp/\libhal_bsp.a(alt_write.o)
 .data          0x0000000008016028     0x108c ../graphics_bsp/\libhal_bsp.a(alt_sys_init.o)
 .data          0x00000000080170b4        0x0 ../graphics_bsp/\libhal_bsp.a(altera_avalon_jtag_uart_fd.o)
 .data          0x00000000080170b4        0x0 ../graphics_bsp/\libhal_bsp.a(altera_avalon_jtag_uart_init.o)
 .data          0x00000000080170b4        0x0 ../graphics_bsp/\libhal_bsp.a(altera_avalon_jtag_uart_ioctl.o)
 .data          0x00000000080170b4        0x0 ../graphics_bsp/\libhal_bsp.a(altera_avalon_jtag_uart_read.o)
 .data          0x00000000080170b4        0x0 ../graphics_bsp/\libhal_bsp.a(altera_avalon_jtag_uart_write.o)
 .data          0x00000000080170b4        0x0 ../graphics_bsp/\libhal_bsp.a(altera_avalon_timer_sc.o)
 .data          0x00000000080170b4        0x0 ../graphics_bsp/\libhal_bsp.a(altera_up_avalon_character_lcd.o)
 .data          0x00000000080170b4        0x0 ../graphics_bsp/\libhal_bsp.a(alt_alarm_start.o)
 .data          0x00000000080170b4        0x0 ../graphics_bsp/\libhal_bsp.a(alt_busy_sleep.o)
 .data          0x00000000080170b4        0x0 ../graphics_bsp/\libhal_bsp.a(alt_dcache_flush_all.o)
 .data          0x00000000080170b4        0x0 ../graphics_bsp/\libhal_bsp.a(alt_dev_llist_insert.o)
 .data          0x00000000080170b4        0x0 ../graphics_bsp/\libhal_bsp.a(alt_do_ctors.o)
 .data          0x00000000080170b4        0x0 ../graphics_bsp/\libhal_bsp.a(alt_do_dtors.o)
 .data          0x00000000080170b4        0x0 ../graphics_bsp/\libhal_bsp.a(alt_find_dev.o)
 .data          0x00000000080170b4        0x0 ../graphics_bsp/\libhal_bsp.a(alt_icache_flush_all.o)
 .data          0x00000000080170b4        0x0 ../graphics_bsp/\libhal_bsp.a(alt_iic.o)
 .data          0x00000000080170b4        0x0 ../graphics_bsp/\libhal_bsp.a(alt_iic_isr_register.o)
 .data          0x00000000080170b4        0x0 ../graphics_bsp/\libhal_bsp.a(alt_io_redirect.o)
 .data          0x00000000080170b4        0x0 ../graphics_bsp/\libhal_bsp.a(alt_irq_entry.o)
 .data          0x00000000080170b4        0x0 ../graphics_bsp/\libhal_bsp.a(alt_irq_handler.o)
 .data          0x00000000080170b4        0x0 ../graphics_bsp/\libhal_bsp.a(alt_irq_vars.o)
 .data          0x00000000080170b4        0x0 ../graphics_bsp/\libhal_bsp.a(alt_open.o)
 .data          0x00000000080170b4        0x0 ../graphics_bsp/\libhal_bsp.a(alt_tick.o)
 .data          0x00000000080170b4        0x0 ../graphics_bsp/\libhal_bsp.a(altera_nios2_qsys_irq.o)
 .data          0x00000000080170b4        0x0 ../graphics_bsp/\libhal_bsp.a(alt_exception_entry.o)
 .data          0x00000000080170b4        0x0 ../graphics_bsp/\libhal_bsp.a(alt_find_file.o)
 .data          0x00000000080170b4        0x0 ../graphics_bsp/\libhal_bsp.a(alt_get_fd.o)
 .data          0x00000000080170b4        0x0 ../graphics_bsp/\libhal_bsp.a(alt_icache_flush.o)
 .data          0x00000000080170b4        0x0 c:/altera/15.0/nios2eds/bin/gnu/h-x86_64-mingw32/bin/../lib/gcc/nios2-elf/4.9.1/../../../../../H-x86_64-mingw32/nios2-elf/lib\libc.a(lib_a-atexit.o)
 .data          0x00000000080170b4        0x0 c:/altera/15.0/nios2eds/bin/gnu/h-x86_64-mingw32/bin/../lib/gcc/nios2-elf/4.9.1/../../../../../H-x86_64-mingw32/nios2-elf/lib\libc.a(lib_a-exit.o)
 .data          0x00000000080170b4        0x0 c:/altera/15.0/nios2eds/bin/gnu/h-x86_64-mingw32/bin/../lib/gcc/nios2-elf/4.9.1/../../../../../H-x86_64-mingw32/nios2-elf/lib\libc.a(lib_a-memcmp.o)
 .data          0x00000000080170b4        0x0 c:/altera/15.0/nios2eds/bin/gnu/h-x86_64-mingw32/bin/../lib/gcc/nios2-elf/4.9.1/../../../../../H-x86_64-mingw32/nios2-elf/lib\libc.a(lib_a-__atexit.o)
 .data          0x00000000080170b4        0x0 c:/altera/15.0/nios2eds/bin/gnu/h-x86_64-mingw32/bin/../lib/gcc/nios2-elf/4.9.1/../../../../../H-x86_64-mingw32/nios2-elf/lib\libc.a(lib_a-__call_atexit.o)
                0x000000000801f0b4                _gp = ABSOLUTE ((. + 0x8000))
                0x000000000801f0b4                PROVIDE (gp, _gp)
 *(.rwdata .rwdata.*)
 *(.sdata .sdata.* .gnu.linkonce.s.*)
 .sdata         0x00000000080170b4       0x1c obj/default/Bounds.o
                0x00000000080170b4                INSIDE
                0x00000000080170b8                LEFT
                0x00000000080170bc                RIGHT
                0x00000000080170c0                BOTTOM
                0x00000000080170c4                TOP
 .sdata         0x00000000080170d0       0x34 obj/default/Object.o
                0x00000000080170d0                Object
                0x00000000080170d4                Class
 .sdata         0x0000000008017104        0x8 c:/altera/15.0/nios2eds/bin/gnu/h-x86_64-mingw32/bin/../lib/gcc/nios2-elf/4.9.1/../../../../../H-x86_64-mingw32/nios2-elf/lib\libc.a(lib_a-impure.o)
                0x0000000008017104                _global_impure_ptr
                0x0000000008017108                _impure_ptr
 .sdata         0x000000000801710c        0x8 c:/altera/15.0/nios2eds/bin/gnu/h-x86_64-mingw32/bin/../lib/gcc/nios2-elf/4.9.1/../../../../../H-x86_64-mingw32/nios2-elf/lib\libc.a(lib_a-mallocr.o)
                0x000000000801710c                __malloc_sbrk_base
                0x0000000008017110                __malloc_trim_threshold
 .sdata         0x0000000008017114        0x4 c:/altera/15.0/nios2eds/bin/gnu/h-x86_64-mingw32/bin/../lib/gcc/nios2-elf/4.9.1/../../../../../H-x86_64-mingw32/nios2-elf/lib\libc.a(lib_a-locale.o)
                0x0000000008017114                __mb_cur_max
 .sdata         0x0000000008017118        0x4 c:/altera/15.0/nios2eds/bin/gnu/h-x86_64-mingw32/bin/../lib/gcc/nios2-elf/4.9.1/../../../../../H-x86_64-mingw32/nios2-elf/lib\libc.a(lib_a-wctomb_r.o)
                0x0000000008017118                __wctomb
 .sdata         0x000000000801711c       0x14 ../graphics_bsp/\libhal_bsp.a(alt_dev.o)
                0x000000000801711c                alt_fs_list
                0x0000000008017124                alt_dev_list
                0x000000000801712c                alt_max_fd
 .sdata         0x0000000008017130        0x4 ../graphics_bsp/\libhal_bsp.a(alt_errno.o)
                0x0000000008017130                alt_errno
 .sdata         0x0000000008017134        0x4 ../graphics_bsp/\libhal_bsp.a(alt_sbrk.o)
 .sdata         0x0000000008017138        0x4 ../graphics_bsp/\libhal_bsp.a(alt_irq_vars.o)
                0x0000000008017138                alt_priority_mask
 .sdata         0x000000000801713c        0x8 ../graphics_bsp/\libhal_bsp.a(alt_tick.o)
                0x000000000801713c                alt_alarm_list
 *(.sdata2 .sdata2.* .gnu.linkonce.s2.*)
                0x0000000008017144                . = ALIGN (0x4)
                0x0000000008017144                _edata = ABSOLUTE (.)
                0x0000000008017144                PROVIDE (edata, ABSOLUTE (.))
                0x0000000008017144                PROVIDE (__ram_rwdata_end, ABSOLUTE (.))
                0x0000000008017144                PROVIDE (__flash_rwdata_start, LOADADDR (.rwdata))

.bss            0x0000000008018cac      0x1d8
                0x0000000008018cac                __bss_start = ABSOLUTE (.)
                0x0000000008018cac                PROVIDE (__sbss_start, ABSOLUTE (.))
                0x0000000008018cac                PROVIDE (___sbss_start, ABSOLUTE (.))
 *(.dynsbss)
 *(.sbss .sbss.* .gnu.linkonce.sb.*)
 .sbss          0x0000000008018cac        0x4 obj/default/Button.o
                0x0000000008018cac                Button
 .sbss          0x0000000008018cb0       0x10 obj/default/DE1_SOC_graphics.o
                0x0000000008018cb0                mouse_x
                0x0000000008018cb4                delay_graphics
                0x0000000008018cb8                mouse_LeftClick
                0x0000000008018cbc                mouse_y
 .sbss          0x0000000008018cc0        0x4 obj/default/DrawOperations.o
                0x0000000008018cc0                internal_clip
 .sbss          0x0000000008018cc4        0x8 obj/default/Event.o
                0x0000000008018cc4                EventClass
                0x0000000008018cc8                Event
 .sbss          0x0000000008018ccc        0x4 obj/default/ListView.o
                0x0000000008018ccc                ListView
 .sbss          0x0000000008018cd0        0x4 obj/default/MainEntry.o
                0x0000000008018cd0                rootView
 .sbss          0x0000000008018cd4        0x4 obj/default/ProgressBar.o
                0x0000000008018cd4                ProgressBar
 .sbss          0x0000000008018cd8        0x4 obj/default/ScreenView.o
                0x0000000008018cd8                ScreenView
 .sbss          0x0000000008018cdc        0x4 obj/default/Shapes.o
                0x0000000008018cdc                Rect
 .sbss          0x0000000008018ce0        0x8 obj/default/View.o
                0x0000000008018ce0                View
                0x0000000008018ce4                ViewClass
 .sbss          0x0000000008018ce8        0xc c:/altera/15.0/nios2eds/bin/gnu/h-x86_64-mingw32/bin/../lib/gcc/nios2-elf/4.9.1/../../../../../H-x86_64-mingw32/nios2-elf/lib\libc.a(lib_a-mallocr.o)
                0x0000000008018ce8                __malloc_max_total_mem
                0x0000000008018cec                __malloc_max_sbrked_mem
                0x0000000008018cf0                __malloc_top_pad
 .sbss          0x0000000008018cf4        0x4 c:/altera/15.0/nios2eds/bin/gnu/h-x86_64-mingw32/bin/../lib/gcc/nios2-elf/4.9.1/../../../../../H-x86_64-mingw32/nios2-elf/lib\libc.a(lib_a-int_errno.o)
                0x0000000008018cf4                errno
 .sbss          0x0000000008018cf8        0xc c:/altera/15.0/nios2eds/bin/gnu/h-x86_64-mingw32/bin/../lib/gcc/nios2-elf/4.9.1/../../../../../H-x86_64-mingw32/nios2-elf/lib\libc.a(lib_a-locale.o)
                0x0000000008018cf8                _PathLocale
                0x0000000008018cfc                __mlocale_changed
                0x0000000008018d00                __nlocale_changed
 .sbss          0x0000000008018d04        0xc ../graphics_bsp/\libhal_bsp.a(alt_main.o)
                0x0000000008018d04                alt_argc
                0x0000000008018d08                alt_argv
                0x0000000008018d0c                alt_envp
 .sbss          0x0000000008018d10        0x4 ../graphics_bsp/\libhal_bsp.a(alt_irq_vars.o)
                0x0000000008018d10                alt_irq_active
 .sbss          0x0000000008018d14        0x8 ../graphics_bsp/\libhal_bsp.a(alt_tick.o)
                0x0000000008018d14                _alt_tick_rate
                0x0000000008018d18                _alt_nticks
 *(.sbss2 .sbss2.* .gnu.linkonce.sb2.*)
 *(.scommon)
                0x0000000008018d1c                PROVIDE (__sbss_end, ABSOLUTE (.))
                0x0000000008018d1c                PROVIDE (___sbss_end, ABSOLUTE (.))
 *(.dynbss)
 *(.bss .bss.* .gnu.linkonce.b.*)
 .bss           0x0000000008018d1c        0x0 ../graphics_bsp//obj/HAL/src/crt0.o
 .bss           0x0000000008018d1c        0x0 obj/default/Bounds.o
 .bss           0x0000000008018d1c        0x0 obj/default/Button.o
 .bss           0x0000000008018d1c        0x0 obj/default/DE1_SOC_graphics.o
 .bss           0x0000000008018d1c        0x0 obj/default/DE1_SOC_touchscreen.o
 .bss           0x0000000008018d1c        0x0 obj/default/DrawOperations.o
 .bss           0x0000000008018d1c        0x0 obj/default/Event.o
 .bss           0x0000000008018d1c        0x0 obj/default/EventHandler.o
 .bss           0x0000000008018d1c        0x0 obj/default/ListView.o
 .bss           0x0000000008018d1c        0x0 obj/default/MainEntry.o
 .bss           0x0000000008018d1c        0x0 obj/default/Object.o
 .bss           0x0000000008018d1c        0x0 obj/default/ProgressBar.o
 .bss           0x0000000008018d1c        0x0 obj/default/Renderer.o
 .bss           0x0000000008018d1c        0x0 obj/default/ScreenView.o
 .bss           0x0000000008018d1c        0x0 obj/default/Shapes.o
 .bss           0x0000000008018d1c        0x0 obj/default/TestLib.o
 .bss           0x0000000008018d1c        0x0 obj/default/TouchEventHandler.o
 .bss           0x0000000008018d1c        0x0 obj/default/View.o
 .bss           0x0000000008018d1c        0x0 c:/altera/15.0/nios2eds/bin/gnu/h-x86_64-mingw32/bin/../lib/gcc/nios2-elf/4.9.1\libgcc.a(tramp.o)
 .bss           0x0000000008018d1c        0x0 c:/altera/15.0/nios2eds/bin/gnu/h-x86_64-mingw32/bin/../lib/gcc/nios2-elf/4.9.1\libgcc.a(adddf3.o)
 .bss           0x0000000008018d1c        0x0 c:/altera/15.0/nios2eds/bin/gnu/h-x86_64-mingw32/bin/../lib/gcc/nios2-elf/4.9.1\libgcc.a(divdf3.o)
 .bss           0x0000000008018d1c        0x0 c:/altera/15.0/nios2eds/bin/gnu/h-x86_64-mingw32/bin/../lib/gcc/nios2-elf/4.9.1\libgcc.a(gedf2.o)
 .bss           0x0000000008018d1c        0x0 c:/altera/15.0/nios2eds/bin/gnu/h-x86_64-mingw32/bin/../lib/gcc/nios2-elf/4.9.1\libgcc.a(ledf2.o)
 .bss           0x0000000008018d1c        0x0 c:/altera/15.0/nios2eds/bin/gnu/h-x86_64-mingw32/bin/../lib/gcc/nios2-elf/4.9.1\libgcc.a(muldf3.o)
 .bss           0x0000000008018d1c        0x0 c:/altera/15.0/nios2eds/bin/gnu/h-x86_64-mingw32/bin/../lib/gcc/nios2-elf/4.9.1\libgcc.a(subdf3.o)
 .bss           0x0000000008018d1c        0x0 c:/altera/15.0/nios2eds/bin/gnu/h-x86_64-mingw32/bin/../lib/gcc/nios2-elf/4.9.1\libgcc.a(fixdfsi.o)
 .bss           0x0000000008018d1c        0x0 c:/altera/15.0/nios2eds/bin/gnu/h-x86_64-mingw32/bin/../lib/gcc/nios2-elf/4.9.1\libgcc.a(floatsidf.o)
 .bss           0x0000000008018d1c        0x0 c:/altera/15.0/nios2eds/bin/gnu/h-x86_64-mingw32/bin/../lib/gcc/nios2-elf/4.9.1\libgcc.a(_clzsi2.o)
 .bss           0x0000000008018d1c        0x0 c:/altera/15.0/nios2eds/bin/gnu/h-x86_64-mingw32/bin/../lib/gcc/nios2-elf/4.9.1\libgcc.a(lib2-divmod.o)
 .bss           0x0000000008018d1c        0x0 c:/altera/15.0/nios2eds/bin/gnu/h-x86_64-mingw32/bin/../lib/gcc/nios2-elf/4.9.1\libgcc.a(_clz.o)
 .bss           0x0000000008018d1c        0x0 c:/altera/15.0/nios2eds/bin/gnu/h-x86_64-mingw32/bin/../lib/gcc/nios2-elf/4.9.1/../../../../../H-x86_64-mingw32/nios2-elf/lib\libc.a(lib_a-assert.o)
 .bss           0x0000000008018d1c        0x0 c:/altera/15.0/nios2eds/bin/gnu/h-x86_64-mingw32/bin/../lib/gcc/nios2-elf/4.9.1/../../../../../H-x86_64-mingw32/nios2-elf/lib\libc.a(lib_a-calloc.o)
 .bss           0x0000000008018d1c        0x0 c:/altera/15.0/nios2eds/bin/gnu/h-x86_64-mingw32/bin/../lib/gcc/nios2-elf/4.9.1/../../../../../H-x86_64-mingw32/nios2-elf/lib\libc.a(lib_a-callocr.o)
 .bss           0x0000000008018d1c        0x0 c:/altera/15.0/nios2eds/bin/gnu/h-x86_64-mingw32/bin/../lib/gcc/nios2-elf/4.9.1/../../../../../H-x86_64-mingw32/nios2-elf/lib\libc.a(lib_a-fiprintf.o)
 .bss           0x0000000008018d1c        0x0 c:/altera/15.0/nios2eds/bin/gnu/h-x86_64-mingw32/bin/../lib/gcc/nios2-elf/4.9.1/../../../../../H-x86_64-mingw32/nios2-elf/lib\libc.a(lib_a-fprintf.o)
 .bss           0x0000000008018d1c        0x0 c:/altera/15.0/nios2eds/bin/gnu/h-x86_64-mingw32/bin/../lib/gcc/nios2-elf/4.9.1/../../../../../H-x86_64-mingw32/nios2-elf/lib\libc.a(lib_a-impure.o)
 .bss           0x0000000008018d1c        0x0 c:/altera/15.0/nios2eds/bin/gnu/h-x86_64-mingw32/bin/../lib/gcc/nios2-elf/4.9.1/../../../../../H-x86_64-mingw32/nios2-elf/lib\libc.a(lib_a-malloc.o)
 .bss           0x0000000008018d1c       0x28 c:/altera/15.0/nios2eds/bin/gnu/h-x86_64-mingw32/bin/../lib/gcc/nios2-elf/4.9.1/../../../../../H-x86_64-mingw32/nios2-elf/lib\libc.a(lib_a-mallocr.o)
                0x0000000008018d1c                __malloc_current_mallinfo
 .bss           0x0000000008018d44        0x0 c:/altera/15.0/nios2eds/bin/gnu/h-x86_64-mingw32/bin/../lib/gcc/nios2-elf/4.9.1/../../../../../H-x86_64-mingw32/nios2-elf/lib\libc.a(lib_a-memcpy.o)
 .bss           0x0000000008018d44        0x0 c:/altera/15.0/nios2eds/bin/gnu/h-x86_64-mingw32/bin/../lib/gcc/nios2-elf/4.9.1/../../../../../H-x86_64-mingw32/nios2-elf/lib\libc.a(lib_a-memset.o)
 .bss           0x0000000008018d44        0x0 c:/altera/15.0/nios2eds/bin/gnu/h-x86_64-mingw32/bin/../lib/gcc/nios2-elf/4.9.1/../../../../../H-x86_64-mingw32/nios2-elf/lib\libc.a(lib_a-printf.o)
 .bss           0x0000000008018d44        0x0 c:/altera/15.0/nios2eds/bin/gnu/h-x86_64-mingw32/bin/../lib/gcc/nios2-elf/4.9.1/../../../../../H-x86_64-mingw32/nios2-elf/lib\libc.a(lib_a-puts.o)
 .bss           0x0000000008018d44        0x0 c:/altera/15.0/nios2eds/bin/gnu/h-x86_64-mingw32/bin/../lib/gcc/nios2-elf/4.9.1/../../../../../H-x86_64-mingw32/nios2-elf/lib\libc.a(lib_a-sbrkr.o)
 .bss           0x0000000008018d44        0x0 c:/altera/15.0/nios2eds/bin/gnu/h-x86_64-mingw32/bin/../lib/gcc/nios2-elf/4.9.1/../../../../../H-x86_64-mingw32/nios2-elf/lib\libc.a(lib_a-strlen.o)
 .bss           0x0000000008018d44        0x0 c:/altera/15.0/nios2eds/bin/gnu/h-x86_64-mingw32/bin/../lib/gcc/nios2-elf/4.9.1/../../../../../H-x86_64-mingw32/nios2-elf/lib\libc.a(lib_a-vfiprintfr_1.o)
 .bss           0x0000000008018d44        0x0 c:/altera/15.0/nios2eds/bin/gnu/h-x86_64-mingw32/bin/../lib/gcc/nios2-elf/4.9.1/../../../../../H-x86_64-mingw32/nios2-elf/lib\libc.a(lib_a-vfprintf.o)
 .bss           0x0000000008018d44        0x0 c:/altera/15.0/nios2eds/bin/gnu/h-x86_64-mingw32/bin/../lib/gcc/nios2-elf/4.9.1/../../../../../H-x86_64-mingw32/nios2-elf/lib\libc.a(lib_a-wsetup.o)
 .bss           0x0000000008018d44        0x0 c:/altera/15.0/nios2eds/bin/gnu/h-x86_64-mingw32/bin/../lib/gcc/nios2-elf/4.9.1/../../../../../H-x86_64-mingw32/nios2-elf/lib\libc.a(lib_a-abort.o)
 .bss           0x0000000008018d44        0x0 c:/altera/15.0/nios2eds/bin/gnu/h-x86_64-mingw32/bin/../lib/gcc/nios2-elf/4.9.1/../../../../../H-x86_64-mingw32/nios2-elf/lib\libc.a(lib_a-dtoa.o)
 .bss           0x0000000008018d44        0x0 c:/altera/15.0/nios2eds/bin/gnu/h-x86_64-mingw32/bin/../lib/gcc/nios2-elf/4.9.1/../../../../../H-x86_64-mingw32/nios2-elf/lib\libc.a(lib_a-fflush.o)
 .bss           0x0000000008018d44        0x0 c:/altera/15.0/nios2eds/bin/gnu/h-x86_64-mingw32/bin/../lib/gcc/nios2-elf/4.9.1/../../../../../H-x86_64-mingw32/nios2-elf/lib\libc.a(lib_a-findfp.o)
 .bss           0x0000000008018d44        0x0 c:/altera/15.0/nios2eds/bin/gnu/h-x86_64-mingw32/bin/../lib/gcc/nios2-elf/4.9.1/../../../../../H-x86_64-mingw32/nios2-elf/lib\libc.a(lib_a-freer.o)
 .bss           0x0000000008018d44        0x0 c:/altera/15.0/nios2eds/bin/gnu/h-x86_64-mingw32/bin/../lib/gcc/nios2-elf/4.9.1/../../../../../H-x86_64-mingw32/nios2-elf/lib\libc.a(lib_a-fvwrite.o)
 .bss           0x0000000008018d44        0x0 c:/altera/15.0/nios2eds/bin/gnu/h-x86_64-mingw32/bin/../lib/gcc/nios2-elf/4.9.1/../../../../../H-x86_64-mingw32/nios2-elf/lib\libc.a(lib_a-fwalk.o)
 .bss           0x0000000008018d44        0x0 c:/altera/15.0/nios2eds/bin/gnu/h-x86_64-mingw32/bin/../lib/gcc/nios2-elf/4.9.1/../../../../../H-x86_64-mingw32/nios2-elf/lib\libc.a(lib_a-int_errno.o)
 .bss           0x0000000008018d44        0x0 c:/altera/15.0/nios2eds/bin/gnu/h-x86_64-mingw32/bin/../lib/gcc/nios2-elf/4.9.1/../../../../../H-x86_64-mingw32/nios2-elf/lib\libc.a(lib_a-locale.o)
 .bss           0x0000000008018d44        0x0 c:/altera/15.0/nios2eds/bin/gnu/h-x86_64-mingw32/bin/../lib/gcc/nios2-elf/4.9.1/../../../../../H-x86_64-mingw32/nios2-elf/lib\libc.a(lib_a-makebuf.o)
 .bss           0x0000000008018d44        0x0 c:/altera/15.0/nios2eds/bin/gnu/h-x86_64-mingw32/bin/../lib/gcc/nios2-elf/4.9.1/../../../../../H-x86_64-mingw32/nios2-elf/lib\libc.a(lib_a-memchr.o)
 .bss           0x0000000008018d44        0x0 c:/altera/15.0/nios2eds/bin/gnu/h-x86_64-mingw32/bin/../lib/gcc/nios2-elf/4.9.1/../../../../../H-x86_64-mingw32/nios2-elf/lib\libc.a(lib_a-memmove.o)
 .bss           0x0000000008018d44        0x0 c:/altera/15.0/nios2eds/bin/gnu/h-x86_64-mingw32/bin/../lib/gcc/nios2-elf/4.9.1/../../../../../H-x86_64-mingw32/nios2-elf/lib\libc.a(lib_a-mprec.o)
 .bss           0x0000000008018d44        0x0 c:/altera/15.0/nios2eds/bin/gnu/h-x86_64-mingw32/bin/../lib/gcc/nios2-elf/4.9.1/../../../../../H-x86_64-mingw32/nios2-elf/lib\libc.a(lib_a-reallocr.o)
 .bss           0x0000000008018d44        0x0 c:/altera/15.0/nios2eds/bin/gnu/h-x86_64-mingw32/bin/../lib/gcc/nios2-elf/4.9.1/../../../../../H-x86_64-mingw32/nios2-elf/lib\libc.a(lib_a-s_fpclassify.o)
 .bss           0x0000000008018d44        0x0 c:/altera/15.0/nios2eds/bin/gnu/h-x86_64-mingw32/bin/../lib/gcc/nios2-elf/4.9.1/../../../../../H-x86_64-mingw32/nios2-elf/lib\libc.a(lib_a-signal.o)
 .bss           0x0000000008018d44        0x0 c:/altera/15.0/nios2eds/bin/gnu/h-x86_64-mingw32/bin/../lib/gcc/nios2-elf/4.9.1/../../../../../H-x86_64-mingw32/nios2-elf/lib\libc.a(lib_a-signalr.o)
 .bss           0x0000000008018d44        0x0 c:/altera/15.0/nios2eds/bin/gnu/h-x86_64-mingw32/bin/../lib/gcc/nios2-elf/4.9.1/../../../../../H-x86_64-mingw32/nios2-elf/lib\libc.a(lib_a-stdio.o)
 .bss           0x0000000008018d44        0x0 c:/altera/15.0/nios2eds/bin/gnu/h-x86_64-mingw32/bin/../lib/gcc/nios2-elf/4.9.1/../../../../../H-x86_64-mingw32/nios2-elf/lib\libc.a(lib_a-strcmp.o)
 .bss           0x0000000008018d44        0x0 c:/altera/15.0/nios2eds/bin/gnu/h-x86_64-mingw32/bin/../lib/gcc/nios2-elf/4.9.1/../../../../../H-x86_64-mingw32/nios2-elf/lib\libc.a(lib_a-vfiprintf.o)
 .bss           0x0000000008018d44        0x0 c:/altera/15.0/nios2eds/bin/gnu/h-x86_64-mingw32/bin/../lib/gcc/nios2-elf/4.9.1/../../../../../H-x86_64-mingw32/nios2-elf/lib\libc.a(lib_a-writer.o)
 .bss           0x0000000008018d44        0x0 c:/altera/15.0/nios2eds/bin/gnu/h-x86_64-mingw32/bin/../lib/gcc/nios2-elf/4.9.1/../../../../../H-x86_64-mingw32/nios2-elf/lib\libc.a(closer.o)
 .bss           0x0000000008018d44        0x0 c:/altera/15.0/nios2eds/bin/gnu/h-x86_64-mingw32/bin/../lib/gcc/nios2-elf/4.9.1/../../../../../H-x86_64-mingw32/nios2-elf/lib\libc.a(lib_a-fclose.o)
 .bss           0x0000000008018d44        0x0 c:/altera/15.0/nios2eds/bin/gnu/h-x86_64-mingw32/bin/../lib/gcc/nios2-elf/4.9.1/../../../../../H-x86_64-mingw32/nios2-elf/lib\libc.a(lib_a-fputwc.o)
 .bss           0x0000000008018d44        0x0 c:/altera/15.0/nios2eds/bin/gnu/h-x86_64-mingw32/bin/../lib/gcc/nios2-elf/4.9.1/../../../../../H-x86_64-mingw32/nios2-elf/lib\libc.a(lib_a-fstatr.o)
 .bss           0x0000000008018d44        0x0 c:/altera/15.0/nios2eds/bin/gnu/h-x86_64-mingw32/bin/../lib/gcc/nios2-elf/4.9.1/../../../../../H-x86_64-mingw32/nios2-elf/lib\libc.a(lib_a-isattyr.o)
 .bss           0x0000000008018d44        0x0 c:/altera/15.0/nios2eds/bin/gnu/h-x86_64-mingw32/bin/../lib/gcc/nios2-elf/4.9.1/../../../../../H-x86_64-mingw32/nios2-elf/lib\libc.a(lib_a-lseekr.o)
 .bss           0x0000000008018d44        0x0 c:/altera/15.0/nios2eds/bin/gnu/h-x86_64-mingw32/bin/../lib/gcc/nios2-elf/4.9.1/../../../../../H-x86_64-mingw32/nios2-elf/lib\libc.a(lib_a-readr.o)
 .bss           0x0000000008018d44        0x0 c:/altera/15.0/nios2eds/bin/gnu/h-x86_64-mingw32/bin/../lib/gcc/nios2-elf/4.9.1/../../../../../H-x86_64-mingw32/nios2-elf/lib\libc.a(lib_a-wbuf.o)
 .bss           0x0000000008018d44        0x0 c:/altera/15.0/nios2eds/bin/gnu/h-x86_64-mingw32/bin/../lib/gcc/nios2-elf/4.9.1/../../../../../H-x86_64-mingw32/nios2-elf/lib\libc.a(lib_a-wcrtomb.o)
 .bss           0x0000000008018d44        0x0 c:/altera/15.0/nios2eds/bin/gnu/h-x86_64-mingw32/bin/../lib/gcc/nios2-elf/4.9.1/../../../../../H-x86_64-mingw32/nios2-elf/lib\libc.a(lib_a-wctomb_r.o)
 .bss           0x0000000008018d44        0x0 c:/altera/15.0/nios2eds/bin/gnu/h-x86_64-mingw32/bin/../lib/gcc/nios2-elf/4.9.1\libgcc.a(_udivdi3.o)
 .bss           0x0000000008018d44        0x0 c:/altera/15.0/nios2eds/bin/gnu/h-x86_64-mingw32/bin/../lib/gcc/nios2-elf/4.9.1\libgcc.a(_umoddi3.o)
 .bss           0x0000000008018d44        0x0 c:/altera/15.0/nios2eds/bin/gnu/h-x86_64-mingw32/bin/../lib/gcc/nios2-elf/4.9.1\libgcc.a(eqdf2.o)
 .bss           0x0000000008018d44        0x0 c:/altera/15.0/nios2eds/bin/gnu/h-x86_64-mingw32/bin/../lib/gcc/nios2-elf/4.9.1\libgcc.a(floatunsidf.o)
 .bss           0x0000000008018d44        0x0 ../graphics_bsp/\libhal_bsp.a(alt_close.o)
 .bss           0x0000000008018d44        0x0 ../graphics_bsp/\libhal_bsp.a(alt_dev.o)
 .bss           0x0000000008018d44        0x0 ../graphics_bsp/\libhal_bsp.a(alt_errno.o)
 .bss           0x0000000008018d44        0x0 ../graphics_bsp/\libhal_bsp.a(alt_exit.o)
 .bss           0x0000000008018d44        0x0 ../graphics_bsp/\libhal_bsp.a(alt_fstat.o)
 .bss           0x0000000008018d44        0x0 ../graphics_bsp/\libhal_bsp.a(alt_getpid.o)
 .bss           0x0000000008018d44        0x0 ../graphics_bsp/\libhal_bsp.a(alt_isatty.o)
 .bss           0x0000000008018d44        0x0 ../graphics_bsp/\libhal_bsp.a(alt_kill.o)
 .bss           0x0000000008018d44        0x0 ../graphics_bsp/\libhal_bsp.a(alt_load.o)
 .bss           0x0000000008018d44        0x0 ../graphics_bsp/\libhal_bsp.a(alt_lseek.o)
 .bss           0x0000000008018d44        0x0 ../graphics_bsp/\libhal_bsp.a(alt_main.o)
 .bss           0x0000000008018d44        0x0 ../graphics_bsp/\libhal_bsp.a(alt_malloc_lock.o)
 .bss           0x0000000008018d44        0x0 ../graphics_bsp/\libhal_bsp.a(alt_read.o)
 .bss           0x0000000008018d44        0x0 ../graphics_bsp/\libhal_bsp.a(alt_release_fd.o)
 .bss           0x0000000008018d44        0x0 ../graphics_bsp/\libhal_bsp.a(alt_sbrk.o)
 .bss           0x0000000008018d44        0x0 ../graphics_bsp/\libhal_bsp.a(alt_usleep.o)
 .bss           0x0000000008018d44        0x0 ../graphics_bsp/\libhal_bsp.a(alt_write.o)
 .bss           0x0000000008018d44        0x0 ../graphics_bsp/\libhal_bsp.a(alt_sys_init.o)
 .bss           0x0000000008018d44        0x0 ../graphics_bsp/\libhal_bsp.a(altera_avalon_jtag_uart_fd.o)
 .bss           0x0000000008018d44        0x0 ../graphics_bsp/\libhal_bsp.a(altera_avalon_jtag_uart_init.o)
 .bss           0x0000000008018d44        0x0 ../graphics_bsp/\libhal_bsp.a(altera_avalon_jtag_uart_ioctl.o)
 .bss           0x0000000008018d44        0x0 ../graphics_bsp/\libhal_bsp.a(altera_avalon_jtag_uart_read.o)
 .bss           0x0000000008018d44        0x0 ../graphics_bsp/\libhal_bsp.a(altera_avalon_jtag_uart_write.o)
 .bss           0x0000000008018d44        0x0 ../graphics_bsp/\libhal_bsp.a(altera_avalon_timer_sc.o)
 .bss           0x0000000008018d44        0x0 ../graphics_bsp/\libhal_bsp.a(altera_up_avalon_character_lcd.o)
 .bss           0x0000000008018d44        0x0 ../graphics_bsp/\libhal_bsp.a(alt_alarm_start.o)
 .bss           0x0000000008018d44        0x0 ../graphics_bsp/\libhal_bsp.a(alt_busy_sleep.o)
 .bss           0x0000000008018d44        0x0 ../graphics_bsp/\libhal_bsp.a(alt_dcache_flush_all.o)
 .bss           0x0000000008018d44        0x0 ../graphics_bsp/\libhal_bsp.a(alt_dev_llist_insert.o)
 .bss           0x0000000008018d44        0x0 ../graphics_bsp/\libhal_bsp.a(alt_do_ctors.o)
 .bss           0x0000000008018d44        0x0 ../graphics_bsp/\libhal_bsp.a(alt_do_dtors.o)
 .bss           0x0000000008018d44        0x0 ../graphics_bsp/\libhal_bsp.a(alt_find_dev.o)
 .bss           0x0000000008018d44        0x0 ../graphics_bsp/\libhal_bsp.a(alt_icache_flush_all.o)
 .bss           0x0000000008018d44        0x0 ../graphics_bsp/\libhal_bsp.a(alt_iic.o)
 .bss           0x0000000008018d44        0x0 ../graphics_bsp/\libhal_bsp.a(alt_iic_isr_register.o)
 .bss           0x0000000008018d44        0x0 ../graphics_bsp/\libhal_bsp.a(alt_io_redirect.o)
 .bss           0x0000000008018d44        0x0 ../graphics_bsp/\libhal_bsp.a(alt_irq_entry.o)
 .bss           0x0000000008018d44        0x0 ../graphics_bsp/\libhal_bsp.a(alt_irq_handler.o)
 .bss           0x0000000008018d44        0x0 ../graphics_bsp/\libhal_bsp.a(alt_irq_vars.o)
 .bss           0x0000000008018d44        0x0 ../graphics_bsp/\libhal_bsp.a(alt_open.o)
 .bss           0x0000000008018d44        0x0 ../graphics_bsp/\libhal_bsp.a(alt_tick.o)
 .bss           0x0000000008018d44        0x0 ../graphics_bsp/\libhal_bsp.a(altera_nios2_qsys_irq.o)
 .bss           0x0000000008018d44        0x0 ../graphics_bsp/\libhal_bsp.a(alt_exception_entry.o)
 .bss           0x0000000008018d44        0x0 ../graphics_bsp/\libhal_bsp.a(alt_find_file.o)
 .bss           0x0000000008018d44        0x0 ../graphics_bsp/\libhal_bsp.a(alt_get_fd.o)
 .bss           0x0000000008018d44        0x0 ../graphics_bsp/\libhal_bsp.a(alt_icache_flush.o)
 .bss           0x0000000008018d44        0x0 c:/altera/15.0/nios2eds/bin/gnu/h-x86_64-mingw32/bin/../lib/gcc/nios2-elf/4.9.1/../../../../../H-x86_64-mingw32/nios2-elf/lib\libc.a(lib_a-atexit.o)
 .bss           0x0000000008018d44        0x0 c:/altera/15.0/nios2eds/bin/gnu/h-x86_64-mingw32/bin/../lib/gcc/nios2-elf/4.9.1/../../../../../H-x86_64-mingw32/nios2-elf/lib\libc.a(lib_a-exit.o)
 .bss           0x0000000008018d44        0x0 c:/altera/15.0/nios2eds/bin/gnu/h-x86_64-mingw32/bin/../lib/gcc/nios2-elf/4.9.1/../../../../../H-x86_64-mingw32/nios2-elf/lib\libc.a(lib_a-memcmp.o)
 .bss           0x0000000008018d44        0x0 c:/altera/15.0/nios2eds/bin/gnu/h-x86_64-mingw32/bin/../lib/gcc/nios2-elf/4.9.1/../../../../../H-x86_64-mingw32/nios2-elf/lib\libc.a(lib_a-__atexit.o)
 .bss           0x0000000008018d44        0x0 c:/altera/15.0/nios2eds/bin/gnu/h-x86_64-mingw32/bin/../lib/gcc/nios2-elf/4.9.1/../../../../../H-x86_64-mingw32/nios2-elf/lib\libc.a(lib_a-__call_atexit.o)
 *(COMMON)
 COMMON         0x0000000008018d44        0xc obj/default/DE1_SOC_touchscreen.o
                0x0000000008018d44                mouseLocation
 COMMON         0x0000000008018d50       0x34 obj/default/MainEntry.o
                0x0000000008018d50                touchHandler
                0x0000000008018d74                renderer
 COMMON         0x0000000008018d84      0x100 ../graphics_bsp/\libhal_bsp.a(alt_irq_handler.o)
                0x0000000008018d84                alt_irq
                0x0000000008018e84                . = ALIGN (0x4)
                0x0000000008018e84                __bss_end = ABSOLUTE (.)

.sdram          0x0000000008018e84        0x0
                0x0000000008018e84                PROVIDE (_alt_partition_sdram_start, ABSOLUTE (.))
 *(.sdram .sdram. sdram.*)
                0x0000000008018e84                . = ALIGN (0x4)
                0x0000000008018e84                PROVIDE (_alt_partition_sdram_end, ABSOLUTE (.))
                0x0000000008018e84                _end = ABSOLUTE (.)
                0x0000000008018e84                end = ABSOLUTE (.)
                0x0000000008018e84                __alt_stack_base = ABSOLUTE (.)
                0x0000000008018e84                PROVIDE (_alt_partition_sdram_load_addr, LOADADDR (.sdram))

.stab
 *(.stab)

.stabstr
 *(.stabstr)

.stab.excl
 *(.stab.excl)

.stab.exclstr
 *(.stab.exclstr)

.stab.index
 *(.stab.index)

.stab.indexstr
 *(.stab.indexstr)

.comment        0x0000000000000000       0x23
 *(.comment)
 .comment       0x0000000000000000       0x23 obj/default/Bounds.o
                                         0x24 (size before relaxing)
 .comment       0x0000000000000000       0x24 obj/default/Button.o
 .comment       0x0000000000000000       0x24 obj/default/DE1_SOC_graphics.o